Archive member included to satisfy reference by file (symbol)

/usr/local/intelFPGA_lite/17.1/nios2eds/bin/gnu/H-x86_64-pc-linux-gnu/bin/../lib/gcc/nios2-elf/5.3.0/../../../../../H-x86_64-pc-linux-gnu/nios2-elf/lib/mno-hw-mul/libc.a(lib_a-printf.o)
                              obj/default/hello_world.o (printf)
/usr/local/intelFPGA_lite/17.1/nios2eds/bin/gnu/H-x86_64-pc-linux-gnu/bin/../lib/gcc/nios2-elf/5.3.0/../../../../../H-x86_64-pc-linux-gnu/nios2-elf/lib/mno-hw-mul/libc.a(lib_a-puts.o)
                              obj/default/hello_world.o (puts)
/usr/local/intelFPGA_lite/17.1/nios2eds/bin/gnu/H-x86_64-pc-linux-gnu/bin/../lib/gcc/nios2-elf/5.3.0/../../../../../H-x86_64-pc-linux-gnu/nios2-elf/lib/mno-hw-mul/libc.a(lib_a-strlen.o)
                              /usr/local/intelFPGA_lite/17.1/nios2eds/bin/gnu/H-x86_64-pc-linux-gnu/bin/../lib/gcc/nios2-elf/5.3.0/../../../../../H-x86_64-pc-linux-gnu/nios2-elf/lib/mno-hw-mul/libc.a(lib_a-puts.o) (strlen)
/usr/local/intelFPGA_lite/17.1/nios2eds/bin/gnu/H-x86_64-pc-linux-gnu/bin/../lib/gcc/nios2-elf/5.3.0/../../../../../H-x86_64-pc-linux-gnu/nios2-elf/lib/mno-hw-mul/libc.a(lib_a-vfprintf.o)
                              /usr/local/intelFPGA_lite/17.1/nios2eds/bin/gnu/H-x86_64-pc-linux-gnu/bin/../lib/gcc/nios2-elf/5.3.0/../../../../../H-x86_64-pc-linux-gnu/nios2-elf/lib/mno-hw-mul/libc.a(lib_a-printf.o) (___vfprintf_internal_r)
/usr/local/intelFPGA_lite/17.1/nios2eds/bin/gnu/H-x86_64-pc-linux-gnu/bin/../lib/gcc/nios2-elf/5.3.0/../../../../../H-x86_64-pc-linux-gnu/nios2-elf/lib/mno-hw-mul/libc.a(lib_a-wsetup.o)
                              /usr/local/intelFPGA_lite/17.1/nios2eds/bin/gnu/H-x86_64-pc-linux-gnu/bin/../lib/gcc/nios2-elf/5.3.0/../../../../../H-x86_64-pc-linux-gnu/nios2-elf/lib/mno-hw-mul/libc.a(lib_a-vfprintf.o) (__swsetup_r)
/usr/local/intelFPGA_lite/17.1/nios2eds/bin/gnu/H-x86_64-pc-linux-gnu/bin/../lib/gcc/nios2-elf/5.3.0/../../../../../H-x86_64-pc-linux-gnu/nios2-elf/lib/mno-hw-mul/libc.a(lib_a-dtoa.o)
                              /usr/local/intelFPGA_lite/17.1/nios2eds/bin/gnu/H-x86_64-pc-linux-gnu/bin/../lib/gcc/nios2-elf/5.3.0/../../../../../H-x86_64-pc-linux-gnu/nios2-elf/lib/mno-hw-mul/libc.a(lib_a-vfprintf.o) (_dtoa_r)
/usr/local/intelFPGA_lite/17.1/nios2eds/bin/gnu/H-x86_64-pc-linux-gnu/bin/../lib/gcc/nios2-elf/5.3.0/../../../../../H-x86_64-pc-linux-gnu/nios2-elf/lib/mno-hw-mul/libc.a(lib_a-fflush.o)
                              /usr/local/intelFPGA_lite/17.1/nios2eds/bin/gnu/H-x86_64-pc-linux-gnu/bin/../lib/gcc/nios2-elf/5.3.0/../../../../../H-x86_64-pc-linux-gnu/nios2-elf/lib/mno-hw-mul/libc.a(lib_a-vfprintf.o) (_fflush_r)
/usr/local/intelFPGA_lite/17.1/nios2eds/bin/gnu/H-x86_64-pc-linux-gnu/bin/../lib/gcc/nios2-elf/5.3.0/../../../../../H-x86_64-pc-linux-gnu/nios2-elf/lib/mno-hw-mul/libc.a(lib_a-findfp.o)
                              /usr/local/intelFPGA_lite/17.1/nios2eds/bin/gnu/H-x86_64-pc-linux-gnu/bin/../lib/gcc/nios2-elf/5.3.0/../../../../../H-x86_64-pc-linux-gnu/nios2-elf/lib/mno-hw-mul/libc.a(lib_a-puts.o) (__sinit)
/usr/local/intelFPGA_lite/17.1/nios2eds/bin/gnu/H-x86_64-pc-linux-gnu/bin/../lib/gcc/nios2-elf/5.3.0/../../../../../H-x86_64-pc-linux-gnu/nios2-elf/lib/mno-hw-mul/libc.a(lib_a-freer.o)
                              /usr/local/intelFPGA_lite/17.1/nios2eds/bin/gnu/H-x86_64-pc-linux-gnu/bin/../lib/gcc/nios2-elf/5.3.0/../../../../../H-x86_64-pc-linux-gnu/nios2-elf/lib/mno-hw-mul/libc.a(lib_a-wsetup.o) (_free_r)
/usr/local/intelFPGA_lite/17.1/nios2eds/bin/gnu/H-x86_64-pc-linux-gnu/bin/../lib/gcc/nios2-elf/5.3.0/../../../../../H-x86_64-pc-linux-gnu/nios2-elf/lib/mno-hw-mul/libc.a(lib_a-fvwrite.o)
                              /usr/local/intelFPGA_lite/17.1/nios2eds/bin/gnu/H-x86_64-pc-linux-gnu/bin/../lib/gcc/nios2-elf/5.3.0/../../../../../H-x86_64-pc-linux-gnu/nios2-elf/lib/mno-hw-mul/libc.a(lib_a-puts.o) (__sfvwrite_r)
/usr/local/intelFPGA_lite/17.1/nios2eds/bin/gnu/H-x86_64-pc-linux-gnu/bin/../lib/gcc/nios2-elf/5.3.0/../../../../../H-x86_64-pc-linux-gnu/nios2-elf/lib/mno-hw-mul/libc.a(lib_a-fwalk.o)
                              /usr/local/intelFPGA_lite/17.1/nios2eds/bin/gnu/H-x86_64-pc-linux-gnu/bin/../lib/gcc/nios2-elf/5.3.0/../../../../../H-x86_64-pc-linux-gnu/nios2-elf/lib/mno-hw-mul/libc.a(lib_a-findfp.o) (_fwalk)
/usr/local/intelFPGA_lite/17.1/nios2eds/bin/gnu/H-x86_64-pc-linux-gnu/bin/../lib/gcc/nios2-elf/5.3.0/../../../../../H-x86_64-pc-linux-gnu/nios2-elf/lib/mno-hw-mul/libc.a(lib_a-impure.o)
                              /usr/local/intelFPGA_lite/17.1/nios2eds/bin/gnu/H-x86_64-pc-linux-gnu/bin/../lib/gcc/nios2-elf/5.3.0/../../../../../H-x86_64-pc-linux-gnu/nios2-elf/lib/mno-hw-mul/libc.a(lib_a-fflush.o) (_global_impure_ptr)
/usr/local/intelFPGA_lite/17.1/nios2eds/bin/gnu/H-x86_64-pc-linux-gnu/bin/../lib/gcc/nios2-elf/5.3.0/../../../../../H-x86_64-pc-linux-gnu/nios2-elf/lib/mno-hw-mul/libc.a(lib_a-locale.o)
[...]
Memory Configuration

Name             Origin             Length             Attributes
reset            0x0000000000020000 0x0000000000000020
onchip_memory2_0 0x0000000000020020 0x0000000000018680
*default*        0x0000000000000000 0xffffffffffffffff

Linker script and memory map

LOAD ../soft_bsp//obj/HAL/src/crt0.o
LOAD obj/default/hello_world.o
LOAD /usr/local/intelFPGA_lite/17.1/nios2eds/bin/gnu/H-x86_64-pc-linux-gnu/bin/../lib/gcc/nios2-elf/5.3.0/../../../../../H-x86_64-pc-linux-gnu/nios2-elf/lib/mno-hw-mul/libstdc++.a
LOAD /usr/local/intelFPGA_lite/17.1/nios2eds/bin/gnu/H-x86_64-pc-linux-gnu/bin/../lib/gcc/nios2-elf/5.3.0/../../../../../H-x86_64-pc-linux-gnu/nios2-elf/lib/mno-hw-mul/libm.a
LOAD /usr/local/intelFPGA_lite/17.1/nios2eds/bin/gnu/H-x86_64-pc-linux-gnu/bin/../lib/gcc/nios2-elf/5.3.0/mno-hw-mul/libgcc.a
START GROUP
LOAD /usr/local/intelFPGA_lite/17.1/nios2eds/bin/gnu/H-x86_64-pc-linux-gnu/bin/../lib/gcc/nios2-elf/5.3.0/../../../../../H-x86_64-pc-linux-gnu/nios2-elf/lib/mno-hw-mul/libc.a
LOAD /usr/local/intelFPGA_lite/17.1/nios2eds/bin/gnu/H-x86_64-pc-linux-gnu/bin/../lib/gcc/nios2-elf/5.3.0/mno-hw-mul/libgcc.a
LOAD ../soft_bsp//libhal_bsp.a
LOAD /usr/local/intelFPGA_lite/17.1/nios2eds/bin/gnu/H-x86_64-pc-linux-gnu/bin/../lib/gcc/nios2-elf/5.3.0/../../../../../H-x86_64-pc-linux-gnu/nios2-elf/lib/mno-hw-mul/libm.a
END GROUP
LOAD /usr/local/intelFPGA_lite/17.1/nios2eds/bin/gnu/H-x86_64-pc-linux-gnu/bin/../lib/gcc/nios2-elf/5.3.0/mno-hw-mul/libgcc.a
                0x0000000000020000                __alt_mem_onchip_memory2_0 = 0x20000

.entry          0x0000000000020000       0x20
 *(.entry)
 .entry         0x0000000000020000       0x20 ../soft_bsp//obj/HAL/src/crt0.o
                0x0000000000020000                __reset

.exceptions     0x0000000000020020      0x210
                0x0000000000020020                PROVIDE (__ram_exceptions_start, ABSOLUTE (.))
                0x0000000000020020                . = ALIGN (0x20)
 *(.irq)
 *(.exceptions.entry.label)
 .exceptions.entry.label
                0x0000000000020020        0x0 ../soft_bsp//libhal_bsp.a(alt_irq_entry.o)
                0x0000000000020020                alt_irq_entry
 .exceptions.entry.label
                0x0000000000020020        0x0 ../soft_bsp//libhal_bsp.a(alt_exception_entry.o)
                0x0000000000020020                alt_exception
 *(.exceptions.entry.user)
 *(.exceptions.entry.ecc_fatal)
 *(.exceptions.entry)
 .exceptions.entry
                0x0000000000020020       0x54 ../soft_bsp//libhal_bsp.a(alt_exception_entry.o)
 *(.exceptions.irqtest.user)
 *(.exceptions.irqtest)
 .exceptions.irqtest
                0x0000000000020074       0x10 ../soft_bsp//libhal_bsp.a(alt_irq_entry.o)
 *(.exceptions.irqhandler.user)
 *(.exceptions.irqhandler)
 .exceptions.irqhandler
                0x0000000000020084        0x4 ../soft_bsp//libhal_bsp.a(alt_irq_entry.o)
 *(.exceptions.irqreturn.user)
 *(.exceptions.irqreturn)
 .exceptions.irqreturn
                0x0000000000020088        0x4 ../soft_bsp//libhal_bsp.a(alt_irq_entry.o)
 *(.exceptions.notirq.label)
 .exceptions.notirq.label
                0x000000000002008c        0x0 ../soft_bsp//libhal_bsp.a(alt_irq_entry.o)
 *(.exceptions.notirq.user)
 *(.exceptions.notirq)
 .exceptions.notirq
                0x000000000002008c        0x8 ../soft_bsp//libhal_bsp.a(alt_exception_entry.o)
 *(.exceptions.soft.user)
 *(.exceptions.soft)
 *(.exceptions.unknown.user)
 *(.exceptions.unknown)
 .exceptions.unknown
                0x0000000000020094       0x14 ../soft_bsp//libhal_bsp.a(alt_exception_entry.o)
 *(.exceptions.exit.label)
 .exceptions.exit.label
                0x00000000000200a8        0x0 ../soft_bsp//libhal_bsp.a(alt_irq_entry.o)
 .exceptions.exit.label
                0x00000000000200a8        0x0 ../soft_bsp//libhal_bsp.a(alt_exception_entry.o)
 *(.exceptions.exit.user)
 *(.exceptions.exit)
 .exceptions.exit
                0x00000000000200a8       0x54 ../soft_bsp//libhal_bsp.a(alt_exception_entry.o)
 *(.exceptions)
 .exceptions    0x00000000000200fc       0xd4 ../soft_bsp//libhal_bsp.a(alt_irq_handler.o)
                0x00000000000200fc                alt_irq_handler
 .exceptions    0x00000000000201d0       0x60 ../soft_bsp//libhal_bsp.a(alt_instruction_exception_entry.o)
                0x00000000000201d0                alt_instruction_exception_entry
                0x0000000000020230                PROVIDE (__ram_exceptions_end, ABSOLUTE (.))
                0x0000000000020020                PROVIDE (__flash_exceptions_start, LOADADDR (.exceptions))

.text           0x0000000000020230     0xf698
                [!provide]                        PROVIDE (stext, ABSOLUTE (.))
 *(.interp)
 *(.hash)
 *(.dynsym)
 *(.dynstr)
 *(.gnu.version)
 *(.gnu.version_d)
 *(.gnu.version_r)
 *(.rel.init)
 *(.rela.init)
 *(.rel.text .rel.text.* .rel.gnu.linkonce.t.*)
 *(.rela.text .rela.text.* .rela.gnu.linkonce.t.*)
 *(.rel.fini)
 *(.rela.fini)
 *(.rel.rodata .rel.rodata.* .rel.gnu.linkonce.r.*)
 *(.rela.rodata .rela.rodata.* .rela.gnu.linkonce.r.*)
 *(.rel.data .rel.data.* .rel.gnu.linkonce.d.*)
 *(.rela.data .rela.data.* .rela.gnu.linkonce.d.*)
 *(.rel.tdata .rel.tdata.* .rel.gnu.linkonce.td.*)
 *(.rela.tdata .rela.tdata.* .rela.gnu.linkonce.td.*)
 *(.rel.tbss .rel.tbss.* .rel.gnu.linkonce.tb.*)
 *(.rela.tbss .rela.tbss.* .rela.gnu.linkonce.tb.*)
 *(.rel.ctors)
 *(.rela.ctors)
 *(.rel.dtors)
 *(.rela.dtors)
 *(.rel.got)
 *(.rela.got)
 *(.rel.sdata .rel.sdata.* .rel.gnu.linkonce.s.*)
 *(.rela.sdata .rela.sdata.* .rela.gnu.linkonce.s.*)
 *(.rel.sbss .rel.sbss.* .rel.gnu.linkonce.sb.*)
 *(.rela.sbss .rela.sbss.* .rela.gnu.linkonce.sb.*)
 *(.rel.sdata2 .rel.sdata2.* .rel.gnu.linkonce.s2.*)
 *(.rela.sdata2 .rela.sdata2.* .rela.gnu.linkonce.s2.*)
 *(.rel.sbss2 .rel.sbss2.* .rel.gnu.linkonce.sb2.*)
 *(.rela.sbss2 .rela.sbss2.* .rela.gnu.linkonce.sb2.*)
 *(.rel.bss .rel.bss.* .rel.gnu.linkonce.b.*)
 *(.rela.bss .rela.bss.* .rela.gnu.linkonce.b.*)
 *(.rel.plt)
 *(.rela.plt)
 *(.rel.dyn)
 *(.init)
 *(.plt)
 *(.text .stub .text.* .gnu.linkonce.t.*)
 .text          0x0000000000020230       0x3c ../soft_bsp//obj/HAL/src/crt0.o
                0x0000000000020230                _start
 .text          0x000000000002026c       0x88 obj/default/hello_world.o
                0x000000000002026c                main
 .text          0x00000000000202f4        0x0 /usr/local/intelFPGA_lite/17.1/nios2eds/bin/gnu/H-x86_64-pc-linux-gnu/bin/../lib/gcc/nios2-elf/5.3.0/../../../../../H-x86_64-pc-linux-gnu/nios2-elf/lib/mno-hw-mul/libc.a(lib_a-printf.o)
 .text._printf_r
                0x00000000000202f4       0x30 /usr/local/intelFPGA_lite/17.1/nios2eds/bin/gnu/H-x86_64-pc-linux-gnu/bin/../lib/gcc/nios2-elf/5.3.0/../../../../../H-x86_64-pc-linux-gnu/nios2-elf/lib/mno-hw-mul/libc.a(lib_a-printf.o)
                0x00000000000202f4                _printf_r
 .text.printf   0x0000000000020324       0x3c /usr/local/intelFPGA_lite/17.1/nios2eds/bin/gnu/H-x86_64-pc-linux-gnu/bin/../lib/gcc/nios2-elf/5.3.0/../../../../../H-x86_64-pc-linux-gnu/nios2-elf/lib/mno-hw-mul/libc.a(lib_a-printf.o)
                0x0000000000020324                printf
 .text          0x0000000000020360        0x0 /usr/local/intelFPGA_lite/17.1/nios2eds/bin/gnu/H-x86_64-pc-linux-gnu/bin/../lib/gcc/nios2-elf/5.3.0/../../../../../H-x86_64-pc-linux-gnu/nios2-elf/lib/mno-hw-mul/libc.a(lib_a-puts.o)
 .text._puts_r  0x0000000000020360       0xc0 /usr/local/intelFPGA_lite/17.1/nios2eds/bin/gnu/H-x86_64-pc-linux-gnu/bin/../lib/gcc/nios2-elf/5.3.0/../../../../../H-x86_64-pc-linux-gnu/nios2-elf/lib/mno-hw-mul/libc.a(lib_a-puts.o)
                0x0000000000020360                _puts_r
 .text.puts     0x0000000000020420       0x14 /usr/local/intelFPGA_lite/17.1/nios2eds/bin/gnu/H-x86_64-pc-linux-gnu/bin/../lib/gcc/nios2-elf/5.3.0/../../../../../H-x86_64-pc-linux-gnu/nios2-elf/lib/mno-hw-mul/libc.a(lib_a-puts.o)
                0x0000000000020420                puts
 .text          0x0000000000020434        0x0 /usr/local/intelFPGA_lite/17.1/nios2eds/bin/gnu/H-x86_64-pc-linux-gnu/bin/../lib/gcc/nios2-elf/5.3.0/../../../../../H-x86_64-pc-linux-gnu/nios2-elf/lib/mno-hw-mul/libc.a(lib_a-strlen.o)
 .text.strlen   0x0000000000020434       0x98 /usr/local/intelFPGA_lite/17.1/nios2eds/bin/gnu/H-x86_64-pc-linux-gnu/bin/../lib/gcc/nios2-elf/5.3.0/../../../../../H-x86_64-pc-linux-gnu/nios2-elf/lib/mno-hw-mul/libc.a(lib_a-strlen.o)
                0x0000000000020434                strlen
 .text          0x00000000000204cc        0x0 /usr/local/intelFPGA_lite/17.1/nios2eds/bin/gnu/H-x86_64-pc-linux-gnu/bin/../lib/gcc/nios2-elf/5.3.0/../../../../../H-x86_64-pc-linux-gnu/nios2-elf/lib/mno-hw-mul/libc.a(lib_a-vfprintf.o)
 .text.___vfprintf_internal_r
                0x00000000000204cc     0x22dc /usr/local/intelFPGA_lite/17.1/nios2eds/bin/gnu/H-x86_64-pc-linux-gnu/bin/../lib/gcc/nios2-elf/5.3.0/../../../../../H-x86_64-pc-linux-gnu/nios2-elf/lib/mno-hw-mul/libc.a(lib_a-vfprintf.o)
                0x00000000000204cc                ___vfprintf_internal_r
 .text.__vfprintf_internal
                0x00000000000227a8       0x1c /usr/local/intelFPGA_lite/17.1/nios2eds/bin/gnu/H-x86_64-pc-linux-gnu/bin/../lib/gcc/nios2-elf/5.3.0/../../../../../H-x86_64-pc-linux-gnu/nios2-elf/lib/mno-hw-mul/libc.a(lib_a-vfprintf.o)
                0x00000000000227a8                __vfprintf_internal
 .text.__sbprintf
                0x00000000000227c4       0xbc /usr/local/intelFPGA_lite/17.1/nios2eds/bin/gnu/H-x86_64-pc-linux-gnu/bin/../lib/gcc/nios2-elf/5.3.0/../../../../../H-x86_64-pc-linux-gnu/nios2-elf/lib/mno-hw-mul/libc.a(lib_a-vfprintf.o)
 .text          0x0000000000022880        0x0 /usr/local/intelFPGA_lite/17.1/nios2eds/bin/gnu/H-x86_64-pc-linux-gnu/bin/../lib/gcc/nios2-elf/5.3.0/../../../../../H-x86_64-pc-linux-gnu/nios2-elf/lib/mno-hw-mul/libc.a(lib_a-wsetup.o)
 .text.__swsetup_r
                0x0000000000022880      0x154 /usr/local/intelFPGA_lite/17.1/nios2eds/bin/gnu/H-x86_64-pc-linux-gnu/bin/../lib/gcc/nios2-elf/5.3.0/../../../../../H-x86_64-pc-linux-gnu/nios2-elf/lib/mno-hw-mul/libc.a(lib_a-wsetup.o)
                0x0000000000022880                __swsetup_r
 .text          0x00000000000229d4        0x0 /usr/local/intelFPGA_lite/17.1/nios2eds/bin/gnu/H-x86_64-pc-linux-gnu/bin/../lib/gcc/nios2-elf/5.3.0/../../../../../H-x86_64-pc-linux-gnu/nios2-elf/lib/mno-hw-mul/libc.a(lib_a-dtoa.o)
 .text.quorem   0x00000000000229d4      0x228 /usr/local/intelFPGA_lite/17.1/nios2eds/bin/gnu/H-x86_64-pc-linux-gnu/bin/../lib/gcc/nios2-elf/5.3.0/../../../../../H-x86_64-pc-linux-gnu/nios2-elf/lib/mno-hw-mul/libc.a(lib_a-dtoa.o)
 .text._dtoa_r  0x0000000000022bfc     0x1688 /usr/local/intelFPGA_lite/17.1/nios2eds/bin/gnu/H-x86_64-pc-linux-gnu/bin/../lib/gcc/nios2-elf/5.3.0/../../../../../H-x86_64-pc-linux-gnu/nios2-elf/lib/mno-hw-mul/libc.a(lib_a-dtoa.o)
                0x0000000000022bfc                _dtoa_r
 .text          0x0000000000024284        0x0 /usr/local/intelFPGA_lite/17.1/nios2eds/bin/gnu/H-x86_64-pc-linux-gnu/bin/../lib/gcc/nios2-elf/5.3.0/../../../../../H-x86_64-pc-linux-gnu/nios2-elf/lib/mno-hw-mul/libc.a(lib_a-fflush.o)
 .text.__sflush_r
                0x0000000000024284      0x21c /usr/local/intelFPGA_lite/17.1/nios2eds/bin/gnu/H-x86_64-pc-linux-gnu/bin/../lib/gcc/nios2-elf/5.3.0/../../../../../H-x86_64-pc-linux-gnu/nios2-elf/lib/mno-hw-mul/libc.a(lib_a-fflush.o)
                0x0000000000024284                __sflush_r
 .text._fflush_r
                0x00000000000244a0       0x5c /usr/local/intelFPGA_lite/17.1/nios2eds/bin/gnu/H-x86_64-pc-linux-gnu/bin/../lib/gcc/nios2-elf/5.3.0/../../../../../H-x86_64-pc-linux-gnu/nios2-elf/lib/mno-hw-mul/libc.a(lib_a-fflush.o)
                0x00000000000244a0                _fflush_r
 .text.fflush   0x00000000000244fc       0x30 /usr/local/intelFPGA_lite/17.1/nios2eds/bin/gnu/H-x86_64-pc-linux-gnu/bin/../lib/gcc/nios2-elf/5.3.0/../../../../../H-x86_64-pc-linux-gnu/nios2-elf/lib/mno-hw-mul/libc.a(lib_a-fflush.o)
                0x00000000000244fc                fflush
 .text          0x000000000002452c        0x0 /usr/local/intelFPGA_lite/17.1/nios2eds/bin/gnu/H-x86_64-pc-linux-gnu/bin/../lib/gcc/nios2-elf/5.3.0/../../../../../H-x86_64-pc-linux-gnu/nios2-elf/lib/mno-hw-mul/libc.a(lib_a-findfp.o)
 .text.__fp_unlock
                0x000000000002452c        0x8 /usr/local/intelFPGA_lite/17.1/nios2eds/bin/gnu/H-x86_64-pc-linux-gnu/bin/../lib/gcc/nios2-elf/5.3.0/../../../../../H-x86_64-pc-linux-gnu/nios2-elf/lib/mno-hw-mul/libc.a(lib_a-findfp.o)
 .text._cleanup_r
                0x0000000000024534        0xc /usr/local/intelFPGA_lite/17.1/nios2eds/bin/gnu/H-x86_64-pc-linux-gnu/bin/../lib/gcc/nios2-elf/5.3.0/../../../../../H-x86_64-pc-linux-gnu/nios2-elf/lib/mno-hw-mul/libc.a(lib_a-findfp.o)
                0x0000000000024534                _cleanup_r
 .text.__sinit.part.1
                0x0000000000024540      0x19c /usr/local/intelFPGA_lite/17.1/nios2eds/bin/gnu/H-x86_64-pc-linux-gnu/bin/../lib/gcc/nios2-elf/5.3.0/../../../../../H-x86_64-pc-linux-gnu/nios2-elf/lib/mno-hw-mul/libc.a(lib_a-findfp.o)
 .text.__fp_lock
                0x00000000000246dc        0x8 /usr/local/intelFPGA_lite/17.1/nios2eds/bin/gnu/H-x86_64-pc-linux-gnu/bin/../lib/gcc/nios2-elf/5.3.0/../../../../../H-x86_64-pc-linux-gnu/nios2-elf/lib/mno-hw-mul/libc.a(lib_a-findfp.o)
 .text.__sfmoreglue
                0x00000000000246e4       0x78 /usr/local/intelFPGA_lite/17.1/nios2eds/bin/gnu/H-x86_64-pc-linux-gnu/bin/../lib/gcc/nios2-elf/5.3.0/../../../../../H-x86_64-pc-linux-gnu/nios2-elf/lib/mno-hw-mul/libc.a(lib_a-findfp.o)
                0x00000000000246e4                __sfmoreglue
 .text.__sfp    0x000000000002475c      0x118 /usr/local/intelFPGA_lite/17.1/nios2eds/bin/gnu/H-x86_64-pc-linux-gnu/bin/../lib/gcc/nios2-elf/5.3.0/../../../../../H-x86_64-pc-linux-gnu/nios2-elf/lib/mno-hw-mul/libc.a(lib_a-findfp.o)
                0x000000000002475c                __sfp
 .text._cleanup
                0x0000000000024874       0x18 /usr/local/intelFPGA_lite/17.1/nios2eds/bin/gnu/H-x86_64-pc-linux-gnu/bin/../lib/gcc/nios2-elf/5.3.0/../../../../../H-x86_64-pc-linux-gnu/nios2-elf/lib/mno-hw-mul/libc.a(lib_a-findfp.o)
                0x0000000000024874                _cleanup
 .text.__sinit  0x000000000002488c       0x10 /usr/local/intelFPGA_lite/17.1/nios2eds/bin/gnu/H-x86_64-pc-linux-gnu/bin/../lib/gcc/nios2-elf/5.3.0/../../../../../H-x86_64-pc-linux-gnu/nios2-elf/lib/mno-hw-mul/libc.a(lib_a-findfp.o)
                0x000000000002488c                __sinit
 .text.__sfp_lock_acquire
                0x000000000002489c        0x4 /usr/local/intelFPGA_lite/17.1/nios2eds/bin/gnu/H-x86_64-pc-linux-gnu/bin/../lib/gcc/nios2-elf/5.3.0/../../../../../H-x86_64-pc-linux-gnu/nios2-elf/lib/mno-hw-mul/libc.a(lib_a-findfp.o)
                0x000000000002489c                __sfp_lock_acquire
 .text.__sfp_lock_release
                0x00000000000248a0        0x4 /usr/local/intelFPGA_lite/17.1/nios2eds/bin/gnu/H-x86_64-pc-linux-gnu/bin/../lib/gcc/nios2-elf/5.3.0/../../../../../H-x86_64-pc-linux-gnu/nios2-elf/lib/mno-hw-mul/libc.a(lib_a-findfp.o)
                0x00000000000248a0                __sfp_lock_release
 .text.__sinit_lock_acquire
                0x00000000000248a4        0x4 /usr/local/intelFPGA_lite/17.1/nios2eds/bin/gnu/H-x86_64-pc-linux-gnu/bin/../lib/gcc/nios2-elf/5.3.0/../../../../../H-x86_64-pc-linux-gnu/nios2-elf/lib/mno-hw-mul/libc.a(lib_a-findfp.o)
                0x00000000000248a4                __sinit_lock_acquire
 .text.__sinit_lock_release
                0x00000000000248a8        0x4 /usr/local/intelFPGA_lite/17.1/nios2eds/bin/gnu/H-x86_64-pc-linux-gnu/bin/../lib/gcc/nios2-elf/5.3.0/../../../../../H-x86_64-pc-linux-gnu/nios2-elf/lib/mno-hw-mul/libc.a(lib_a-findfp.o)
                0x00000000000248a8                __sinit_lock_release
 .text.__fp_lock_all
                0x00000000000248ac       0x18 /usr/local/intelFPGA_lite/17.1/nios2eds/bin/gnu/H-x86_64-pc-linux-gnu/bin/../lib/gcc/nios2-elf/5.3.0/../../../../../H-x86_64-pc-linux-gnu/nios2-elf/lib/mno-hw-mul/libc.a(lib_a-findfp.o)
                0x00000000000248ac                __fp_lock_all
 .text.__fp_unlock_all
                0x00000000000248c4       0x18 /usr/local/intelFPGA_lite/17.1/nios2eds/bin/gnu/H-x86_64-pc-linux-gnu/bin/../lib/gcc/nios2-elf/5.3.0/../../../../../H-x86_64-pc-linux-gnu/nios2-elf/lib/mno-hw-mul/libc.a(lib_a-findfp.o)
                0x00000000000248c4                __fp_unlock_all
 .text          0x00000000000248dc        0x0 /usr/local/intelFPGA_lite/17.1/nios2eds/bin/gnu/H-x86_64-pc-linux-gnu/bin/../lib/gcc/nios2-elf/5.3.0/../../../../../H-x86_64-pc-linux-gnu/nios2-elf/lib/mno-hw-mul/libc.a(lib_a-freer.o)
 .text._malloc_trim_r
                0x00000000000248dc      0x124 /usr/local/intelFPGA_lite/17.1/nios2eds/bin/gnu/H-x86_64-pc-linux-gnu/bin/../lib/gcc/nios2-elf/5.3.0/../../../../../H-x86_64-pc-linux-gnu/nios2-elf/lib/mno-hw-mul/libc.a(lib_a-freer.o)
                0x00000000000248dc                _malloc_trim_r
 .text._free_r  0x0000000000024a00      0x310 /usr/local/intelFPGA_lite/17.1/nios2eds/bin/gnu/H-x86_64-pc-linux-gnu/bin/../lib/gcc/nios2-elf/5.3.0/../../../../../H-x86_64-pc-linux-gnu/nios2-elf/lib/mno-hw-mul/libc.a(lib_a-freer.o)
                0x0000000000024a00                _free_r
 .text          0x0000000000024d10        0x0 /usr/local/intelFPGA_lite/17.1/nios2eds/bin/gnu/H-x86_64-pc-linux-gnu/bin/../lib/gcc/nios2-elf/5.3.0/../../../../../H-x86_64-pc-linux-gnu/nios2-elf/lib/mno-hw-mul/libc.a(lib_a-fvwrite.o)
 .text.__sfvwrite_r
                0x0000000000024d10      0x4c8 /usr/local/intelFPGA_lite/17.1/nios2eds/bin/gnu/H-x86_64-pc-linux-gnu/bin/../lib/gcc/nios2-elf/5.3.0/../../../../../H-x86_64-pc-linux-gnu/nios2-elf/lib/mno-hw-mul/libc.a(lib_a-fvwrite.o)
                0x0000000000024d10                __sfvwrite_r
 .text          0x00000000000251d8        0x0 /usr/local/intelFPGA_lite/17.1/nios2eds/bin/gnu/H-x86_64-pc-linux-gnu/bin/../lib/gcc/nios2-elf/5.3.0/../../../../../H-x86_64-pc-linux-gnu/nios2-elf/lib/mno-hw-mul/libc.a(lib_a-fwalk.o)
 .text._fwalk   0x00000000000251d8       0xc4 /usr/local/intelFPGA_lite/17.1/nios2eds/bin/gnu/H-x86_64-pc-linux-gnu/bin/../lib/gcc/nios2-elf/5.3.0/../../../../../H-x86_64-pc-linux-gnu/nios2-elf/lib/mno-hw-mul/libc.a(lib_a-fwalk.o)
                0x00000000000251d8                _fwalk
 .text._fwalk_reent
                0x000000000002529c       0xc4 /usr/local/intelFPGA_lite/17.1/nios2eds/bin/gnu/H-x86_64-pc-linux-gnu/bin/../lib/gcc/nios2-elf/5.3.0/../../../../../H-x86_64-pc-linux-gnu/nios2-elf/lib/mno-hw-mul/libc.a(lib_a-fwalk.o)
                0x000000000002529c                _fwalk_reent
 .text          0x0000000000025360        0x0 /usr/local/intelFPGA_lite/17.1/nios2eds/bin/gnu/H-x86_64-pc-linux-gnu/bin/../lib/gcc/nios2-elf/5.3.0/../../../../../H-x86_64-pc-linux-gnu/nios2-elf/lib/mno-hw-mul/libc.a(lib_a-impure.o)
 .text          0x0000000000025360        0x0 /usr/local/intelFPGA_lite/17.1/nios2eds/bin/gnu/H-x86_64-pc-linux-gnu/bin/../lib/gcc/nios2-elf/5.3.0/../../../../../H-x86_64-pc-linux-gnu/nios2-elf/lib/mno-hw-mul/libc.a(lib_a-locale.o)
 .text._setlocale_r
                0x0000000000025360       0x7c /usr/local/intelFPGA_lite/17.1/nios2eds/bin/gnu/H-x86_64-pc-linux-gnu/bin/../lib/gcc/nios2-elf/5.3.0/../../../../../H-x86_64-pc-linux-gnu/nios2-elf/lib/mno-hw-mul/libc.a(lib_a-locale.o)
                0x0000000000025360                _setlocale_r
 .text.__locale_charset
                0x00000000000253dc        0xc /usr/local/intelFPGA_lite/17.1/nios2eds/bin/gnu/H-x86_64-pc-linux-gnu/bin/../lib/gcc/nios2-elf/5.3.0/../../../../../H-x86_64-pc-linux-gnu/nios2-elf/lib/mno-hw-mul/libc.a(lib_a-locale.o)
                0x00000000000253dc                __locale_charset
 .text.__locale_mb_cur_max
                0x00000000000253e8       0x10 /usr/local/intelFPGA_lite/17.1/nios2eds/bin/gnu/H-x86_64-pc-linux-gnu/bin/../lib/gcc/nios2-elf/5.3.0/../../../../../H-x86_64-pc-linux-gnu/nios2-elf/lib/mno-hw-mul/libc.a(lib_a-locale.o)
                0x00000000000253e8                __locale_mb_cur_max
 .text.__locale_msgcharset
                0x00000000000253f8        0xc /usr/local/intelFPGA_lite/17.1/nios2eds/bin/gnu/H-x86_64-pc-linux-gnu/bin/../lib/gcc/nios2-elf/5.3.0/../../../../../H-x86_64-pc-linux-gnu/nios2-elf/lib/mno-hw-mul/libc.a(lib_a-locale.o)
                0x00000000000253f8                __locale_msgcharset
 .text.__locale_cjk_lang
                0x0000000000025404        0x8 /usr/local/intelFPGA_lite/17.1/nios2eds/bin/gnu/H-x86_64-pc-linux-gnu/bin/../lib/gcc/nios2-elf/5.3.0/../../../../../H-x86_64-pc-linux-gnu/nios2-elf/lib/mno-hw-mul/libc.a(lib_a-locale.o)
                0x0000000000025404                __locale_cjk_lang
 .text._localeconv_r
                0x000000000002540c        0xc /usr/local/intelFPGA_lite/17.1/nios2eds/bin/gnu/H-x86_64-pc-linux-gnu/bin/../lib/gcc/nios2-elf/5.3.0/../../../../../H-x86_64-pc-linux-gnu/nios2-elf/lib/mno-hw-mul/libc.a(lib_a-locale.o)
                0x000000000002540c                _localeconv_r
 .text.setlocale
                0x0000000000025418       0x18 /usr/local/intelFPGA_lite/17.1/nios2eds/bin/gnu/H-x86_64-pc-linux-gnu/bin/../lib/gcc/nios2-elf/5.3.0/../../../../../H-x86_64-pc-linux-gnu/nios2-elf/lib/mno-hw-mul/libc.a(lib_a-locale.o)
                0x0000000000025418                setlocale
 .text.localeconv
                0x0000000000025430        0xc /usr/local/intelFPGA_lite/17.1/nios2eds/bin/gnu/H-x86_64-pc-linux-gnu/bin/../lib/gcc/nios2-elf/5.3.0/../../../../../H-x86_64-pc-linux-gnu/nios2-elf/lib/mno-hw-mul/libc.a(lib_a-locale.o)
                0x0000000000025430                localeconv
 .text          0x000000000002543c        0x0 /usr/local/intelFPGA_lite/17.1/nios2eds/bin/gnu/H-x86_64-pc-linux-gnu/bin/../lib/gcc/nios2-elf/5.3.0/../../../../../H-x86_64-pc-linux-gnu/nios2-elf/lib/mno-hw-mul/libc.a(lib_a-makebuf.o)
 .text.__smakebuf_r
                0x000000000002543c      0x1bc /usr/local/intelFPGA_lite/17.1/nios2eds/bin/gnu/H-x86_64-pc-linux-gnu/bin/../lib/gcc/nios2-elf/5.3.0/../../../../../H-x86_64-pc-linux-gnu/nios2-elf/lib/mno-hw-mul/libc.a(lib_a-makebuf.o)
                0x000000000002543c                __smakebuf_r
 .text          0x00000000000255f8        0x0 /usr/local/intelFPGA_lite/17.1/nios2eds/bin/gnu/H-x86_64-pc-linux-gnu/bin/../lib/gcc/nios2-elf/5.3.0/../../../../../H-x86_64-pc-linux-gnu/nios2-elf/lib/mno-hw-mul/libc.a(lib_a-mallocr.o)
 .text._malloc_r
                0x00000000000255f8      0x80c /usr/local/intelFPGA_lite/17.1/nios2eds/bin/gnu/H-x86_64-pc-linux-gnu/bin/../lib/gcc/nios2-elf/5.3.0/../../../../../H-x86_64-pc-linux-gnu/nios2-elf/lib/mno-hw-mul/libc.a(lib_a-mallocr.o)
                0x00000000000255f8                _malloc_r
 .text          0x0000000000025e04        0x0 /usr/local/intelFPGA_lite/17.1/nios2eds/bin/gnu/H-x86_64-pc-linux-gnu/bin/../lib/gcc/nios2-elf/5.3.0/../../../../../H-x86_64-pc-linux-gnu/nios2-elf/lib/mno-hw-mul/libc.a(lib_a-memchr.o)
 .text.memchr   0x0000000000025e04       0xe4 /usr/local/intelFPGA_lite/17.1/nios2eds/bin/gnu/H-x86_64-pc-linux-gnu/bin/../lib/gcc/nios2-elf/5.3.0/../../../../../H-x86_64-pc-linux-gnu/nios2-elf/lib/mno-hw-mul/libc.a(lib_a-memchr.o)
                0x0000000000025e04                memchr
 .text          0x0000000000025ee8        0x0 /usr/local/intelFPGA_lite/17.1/nios2eds/bin/gnu/H-x86_64-pc-linux-gnu/bin/../lib/gcc/nios2-elf/5.3.0/../../../../../H-x86_64-pc-linux-gnu/nios2-elf/lib/mno-hw-mul/libc.a(lib_a-memcpy.o)
 .text.memcpy   0x0000000000025ee8      0x148 /usr/local/intelFPGA_lite/17.1/nios2eds/bin/gnu/H-x86_64-pc-linux-gnu/bin/../lib/gcc/nios2-elf/5.3.0/../../../../../H-x86_64-pc-linux-gnu/nios2-elf/lib/mno-hw-mul/libc.a(lib_a-memcpy.o)
                0x0000000000025ee8                memcpy
 .text          0x0000000000026030        0x0 /usr/local/intelFPGA_lite/17.1/nios2eds/bin/gnu/H-x86_64-pc-linux-gnu/bin/../lib/gcc/nios2-elf/5.3.0/../../../../../H-x86_64-pc-linux-gnu/nios2-elf/lib/mno-hw-mul/libc.a(lib_a-memmove.o)
 .text.memmove  0x0000000000026030      0x15c /usr/local/intelFPGA_lite/17.1/nios2eds/bin/gnu/H-x86_64-pc-linux-gnu/bin/../lib/gcc/nios2-elf/5.3.0/../../../../../H-x86_64-pc-linux-gnu/nios2-elf/lib/mno-hw-mul/libc.a(lib_a-memmove.o)
                0x0000000000026030                memmove
 .text          0x000000000002618c        0x0 /usr/local/intelFPGA_lite/17.1/nios2eds/bin/gnu/H-x86_64-pc-linux-gnu/bin/../lib/gcc/nios2-elf/5.3.0/../../../../../H-x86_64-pc-linux-gnu/nios2-elf/lib/mno-hw-mul/libc.a(lib_a-memset.o)
 .text.memset   0x000000000002618c      0x128 /usr/local/intelFPGA_lite/17.1/nios2eds/bin/gnu/H-x86_64-pc-linux-gnu/bin/../lib/gcc/nios2-elf/5.3.0/../../../../../H-x86_64-pc-linux-gnu/nios2-elf/lib/mno-hw-mul/libc.a(lib_a-memset.o)
                0x000000000002618c                memset
 .text          0x00000000000262b4        0x0 /usr/local/intelFPGA_lite/17.1/nios2eds/bin/gnu/H-x86_64-pc-linux-gnu/bin/../lib/gcc/nios2-elf/5.3.0/../../../../../H-x86_64-pc-linux-gnu/nios2-elf/lib/mno-hw-mul/libc.a(lib_a-mprec.o)
 .text._Balloc  0x00000000000262b4       0xa8 /usr/local/intelFPGA_lite/17.1/nios2eds/bin/gnu/H-x86_64-pc-linux-gnu/bin/../lib/gcc/nios2-elf/5.3.0/../../../../../H-x86_64-pc-linux-gnu/nios2-elf/lib/mno-hw-mul/libc.a(lib_a-mprec.o)
                0x00000000000262b4                _Balloc
 .text._Bfree   0x000000000002635c       0x28 /usr/local/intelFPGA_lite/17.1/nios2eds/bin/gnu/H-x86_64-pc-linux-gnu/bin/../lib/gcc/nios2-elf/5.3.0/../../../../../H-x86_64-pc-linux-gnu/nios2-elf/lib/mno-hw-mul/libc.a(lib_a-mprec.o)
                0x000000000002635c                _Bfree
 .text.__multadd
                0x0000000000026384      0x148 /usr/local/intelFPGA_lite/17.1/nios2eds/bin/gnu/H-x86_64-pc-linux-gnu/bin/../lib/gcc/nios2-elf/5.3.0/../../../../../H-x86_64-pc-linux-gnu/nios2-elf/lib/mno-hw-mul/libc.a(lib_a-mprec.o)
                0x0000000000026384                __multadd
 .text.__s2b    0x00000000000264cc      0x104 /usr/local/intelFPGA_lite/17.1/nios2eds/bin/gnu/H-x86_64-pc-linux-gnu/bin/../lib/gcc/nios2-elf/5.3.0/../../../../../H-x86_64-pc-linux-gnu/nios2-elf/lib/mno-hw-mul/libc.a(lib_a-mprec.o)
                0x00000000000264cc                __s2b
 .text.__hi0bits
                0x00000000000265d0       0x68 /usr/local/intelFPGA_lite/17.1/nios2eds/bin/gnu/H-x86_64-pc-linux-gnu/bin/../lib/gcc/nios2-elf/5.3.0/../../../../../H-x86_64-pc-linux-gnu/nios2-elf/lib/mno-hw-mul/libc.a(lib_a-mprec.o)
                0x00000000000265d0                __hi0bits
 .text.__lo0bits
                0x0000000000026638       0xb0 /usr/local/intelFPGA_lite/17.1/nios2eds/bin/gnu/H-x86_64-pc-linux-gnu/bin/../lib/gcc/nios2-elf/5.3.0/../../../../../H-x86_64-pc-linux-gnu/nios2-elf/lib/mno-hw-mul/libc.a(lib_a-mprec.o)
                0x0000000000026638                __lo0bits
 .text.__i2b    0x00000000000266e8       0x3c /usr/local/intelFPGA_lite/17.1/nios2eds/bin/gnu/H-x86_64-pc-linux-gnu/bin/../lib/gcc/nios2-elf/5.3.0/../../../../../H-x86_64-pc-linux-gnu/nios2-elf/lib/mno-hw-mul/libc.a(lib_a-mprec.o)
                0x00000000000266e8                __i2b
 .text.__multiply
                0x0000000000026724      0x28c /usr/local/intelFPGA_lite/17.1/nios2eds/bin/gnu/H-x86_64-pc-linux-gnu/bin/../lib/gcc/nios2-elf/5.3.0/../../../../../H-x86_64-pc-linux-gnu/nios2-elf/lib/mno-hw-mul/libc.a(lib_a-mprec.o)
                0x0000000000026724                __multiply
 .text.__pow5mult
                0x00000000000269b0      0x140 /usr/local/intelFPGA_lite/17.1/nios2eds/bin/gnu/H-x86_64-pc-linux-gnu/bin/../lib/gcc/nios2-elf/5.3.0/../../../../../H-x86_64-pc-linux-gnu/nios2-elf/lib/mno-hw-mul/libc.a(lib_a-mprec.o)
                0x00000000000269b0                __pow5mult
 .text.__lshift
                0x0000000000026af0      0x148 /usr/local/intelFPGA_lite/17.1/nios2eds/bin/gnu/H-x86_64-pc-linux-gnu/bin/../lib/gcc/nios2-elf/5.3.0/../../../../../H-x86_64-pc-linux-gnu/nios2-elf/lib/mno-hw-mul/libc.a(lib_a-mprec.o)
                0x0000000000026af0                __lshift
 .text.__mcmp   0x0000000000026c38       0x60 /usr/local/intelFPGA_lite/17.1/nios2eds/bin/gnu/H-x86_64-pc-linux-gnu/bin/../lib/gcc/nios2-elf/5.3.0/../../../../../H-x86_64-pc-linux-gnu/nios2-elf/lib/mno-hw-mul/libc.a(lib_a-mprec.o)
                0x0000000000026c38                __mcmp
 .text.__mdiff  0x0000000000026c98      0x1fc /usr/local/intelFPGA_lite/17.1/nios2eds/bin/gnu/H-x86_64-pc-linux-gnu/bin/../lib/gcc/nios2-elf/5.3.0/../../../../../H-x86_64-pc-linux-gnu/nios2-elf/lib/mno-hw-mul/libc.a(lib_a-mprec.o)
                0x0000000000026c98                __mdiff
 .text.__ulp    0x0000000000026e94       0x64 /usr/local/intelFPGA_lite/17.1/nios2eds/bin/gnu/H-x86_64-pc-linux-gnu/bin/../lib/gcc/nios2-elf/5.3.0/../../../../../H-x86_64-pc-linux-gnu/nios2-elf/lib/mno-hw-mul/libc.a(lib_a-mprec.o)
                0x0000000000026e94                __ulp
 .text.__b2d    0x0000000000026ef8      0x10c /usr/local/intelFPGA_lite/17.1/nios2eds/bin/gnu/H-x86_64-pc-linux-gnu/bin/../lib/gcc/nios2-elf/5.3.0/../../../../../H-x86_64-pc-linux-gnu/nios2-elf/lib/mno-hw-mul/libc.a(lib_a-mprec.o)
                0x0000000000026ef8                __b2d
 .text.__d2b    0x0000000000027004      0x14c /usr/local/intelFPGA_lite/17.1/nios2eds/bin/gnu/H-x86_64-pc-linux-gnu/bin/../lib/gcc/nios2-elf/5.3.0/../../../../../H-x86_64-pc-linux-gnu/nios2-elf/lib/mno-hw-mul/libc.a(lib_a-mprec.o)
                0x0000000000027004                __d2b
 .text.__ratio  0x0000000000027150       0xa4 /usr/local/intelFPGA_lite/17.1/nios2eds/bin/gnu/H-x86_64-pc-linux-gnu/bin/../lib/gcc/nios2-elf/5.3.0/../../../../../H-x86_64-pc-linux-gnu/nios2-elf/lib/mno-hw-mul/libc.a(lib_a-mprec.o)
                0x0000000000027150                __ratio
 .text._mprec_log10
                0x00000000000271f4       0x74 /usr/local/intelFPGA_lite/17.1/nios2eds/bin/gnu/H-x86_64-pc-linux-gnu/bin/../lib/gcc/nios2-elf/5.3.0/../../../../../H-x86_64-pc-linux-gnu/nios2-elf/lib/mno-hw-mul/libc.a(lib_a-mprec.o)
                0x00000000000271f4                _mprec_log10
 .text.__copybits
                0x0000000000027268       0x78 /usr/local/intelFPGA_lite/17.1/nios2eds/bin/gnu/H-x86_64-pc-linux-gnu/bin/../lib/gcc/nios2-elf/5.3.0/../../../../../H-x86_64-pc-linux-gnu/nios2-elf/lib/mno-hw-mul/libc.a(lib_a-mprec.o)
                0x0000000000027268                __copybits
 .text.__any_on
                0x00000000000272e0       0x8c /usr/local/intelFPGA_lite/17.1/nios2eds/bin/gnu/H-x86_64-pc-linux-gnu/bin/../lib/gcc/nios2-elf/5.3.0/../../../../../H-x86_64-pc-linux-gnu/nios2-elf/lib/mno-hw-mul/libc.a(lib_a-mprec.o)
                0x00000000000272e0                __any_on
 .text          0x000000000002736c        0x0 /usr/local/intelFPGA_lite/17.1/nios2eds/bin/gnu/H-x86_64-pc-linux-gnu/bin/../lib/gcc/nios2-elf/5.3.0/../../../../../H-x86_64-pc-linux-gnu/nios2-elf/lib/mno-hw-mul/libc.a(lib_a-reallocr.o)
 .text._realloc_r
                0x000000000002736c      0x564 /usr/local/intelFPGA_lite/17.1/nios2eds/bin/gnu/H-x86_64-pc-linux-gnu/bin/../lib/gcc/nios2-elf/5.3.0/../../../../../H-x86_64-pc-linux-gnu/nios2-elf/lib/mno-hw-mul/libc.a(lib_a-reallocr.o)
                0x000000000002736c                _realloc_r
 .text          0x00000000000278d0        0x0 /usr/local/intelFPGA_lite/17.1/nios2eds/bin/gnu/H-x86_64-pc-linux-gnu/bin/../lib/gcc/nios2-elf/5.3.0/../../../../../H-x86_64-pc-linux-gnu/nios2-elf/lib/mno-hw-mul/libc.a(lib_a-s_fpclassify.o)
 .text.__fpclassifyd
                0x00000000000278d0       0x74 /usr/local/intelFPGA_lite/17.1/nios2eds/bin/gnu/H-x86_64-pc-linux-gnu/bin/../lib/gcc/nios2-elf/5.3.0/../../../../../H-x86_64-pc-linux-gnu/nios2-elf/lib/mno-hw-mul/libc.a(lib_a-s_fpclassify.o)
                0x00000000000278d0                __fpclassifyd
 .text          0x0000000000027944        0x0 /usr/local/intelFPGA_lite/17.1/nios2eds/bin/gnu/H-x86_64-pc-linux-gnu/bin/../lib/gcc/nios2-elf/5.3.0/../../../../../H-x86_64-pc-linux-gnu/nios2-elf/lib/mno-hw-mul/libc.a(lib_a-sbrkr.o)
 .text._sbrk_r  0x0000000000027944       0x54 /usr/local/intelFPGA_lite/17.1/nios2eds/bin/gnu/H-x86_64-pc-linux-gnu/bin/../lib/gcc/nios2-elf/5.3.0/../../../../../H-x86_64-pc-linux-gnu/nios2-elf/lib/mno-hw-mul/libc.a(lib_a-sbrkr.o)
                0x0000000000027944                _sbrk_r
 .text          0x0000000000027998        0x0 /usr/local/intelFPGA_lite/17.1/nios2eds/bin/gnu/H-x86_64-pc-linux-gnu/bin/../lib/gcc/nios2-elf/5.3.0/../../../../../H-x86_64-pc-linux-gnu/nios2-elf/lib/mno-hw-mul/libc.a(lib_a-stdio.o)
 .text.__sread  0x0000000000027998       0x54 /usr/local/intelFPGA_lite/17.1/nios2eds/bin/gnu/H-x86_64-pc-linux-gnu/bin/../lib/gcc/nios2-elf/5.3.0/../../../../../H-x86_64-pc-linux-gnu/nios2-elf/lib/mno-hw-mul/libc.a(lib_a-stdio.o)
                0x0000000000027998                __sread
 .text.__seofread
                0x00000000000279ec        0x8 /usr/local/intelFPGA_lite/17.1/nios2eds/bin/gnu/H-x86_64-pc-linux-gnu/bin/../lib/gcc/nios2-elf/5.3.0/../../../../../H-x86_64-pc-linux-gnu/nios2-elf/lib/mno-hw-mul/libc.a(lib_a-stdio.o)
                0x00000000000279ec                __seofread
 .text.__swrite
                0x00000000000279f4       0x7c /usr/local/intelFPGA_lite/17.1/nios2eds/bin/gnu/H-x86_64-pc-linux-gnu/bin/../lib/gcc/nios2-elf/5.3.0/../../../../../H-x86_64-pc-linux-gnu/nios2-elf/lib/mno-hw-mul/libc.a(lib_a-stdio.o)
                0x00000000000279f4                __swrite
 .text.__sseek  0x0000000000027a70       0x5c /usr/local/intelFPGA_lite/17.1/nios2eds/bin/gnu/H-x86_64-pc-linux-gnu/bin/../lib/gcc/nios2-elf/5.3.0/../../../../../H-x86_64-pc-linux-gnu/nios2-elf/lib/mno-hw-mul/libc.a(lib_a-stdio.o)
                0x0000000000027a70                __sseek
 .text.__sclose
                0x0000000000027acc        0x8 /usr/local/intelFPGA_lite/17.1/nios2eds/bin/gnu/H-x86_64-pc-linux-gnu/bin/../lib/gcc/nios2-elf/5.3.0/../../../../../H-x86_64-pc-linux-gnu/nios2-elf/lib/mno-hw-mul/libc.a(lib_a-stdio.o)
                0x0000000000027acc                __sclose
 .text          0x0000000000027ad4        0x0 /usr/local/intelFPGA_lite/17.1/nios2eds/bin/gnu/H-x86_64-pc-linux-gnu/bin/../lib/gcc/nios2-elf/5.3.0/../../../../../H-x86_64-pc-linux-gnu/nios2-elf/lib/mno-hw-mul/libc.a(lib_a-strcmp.o)
 .text.strcmp   0x0000000000027ad4       0xdc /usr/local/intelFPGA_lite/17.1/nios2eds/bin/gnu/H-x86_64-pc-linux-gnu/bin/../lib/gcc/nios2-elf/5.3.0/../../../../../H-x86_64-pc-linux-gnu/nios2-elf/lib/mno-hw-mul/libc.a(lib_a-strcmp.o)
                0x0000000000027ad4                strcmp
 .text          0x0000000000027bb0        0x0 /usr/local/intelFPGA_lite/17.1/nios2eds/bin/gnu/H-x86_64-pc-linux-gnu/bin/../lib/gcc/nios2-elf/5.3.0/../../../../../H-x86_64-pc-linux-gnu/nios2-elf/lib/mno-hw-mul/libc.a(lib_a-vfiprintf.o)
 .text.__sprint_r.part.0
                0x0000000000027bb0       0xfc /usr/local/intelFPGA_lite/17.1/nios2eds/bin/gnu/H-x86_64-pc-linux-gnu/bin/../lib/gcc/nios2-elf/5.3.0/../../../../../H-x86_64-pc-linux-gnu/nios2-elf/lib/mno-hw-mul/libc.a(lib_a-vfiprintf.o)
 .text.__sprint_r
                0x0000000000027cac       0x18 /usr/local/intelFPGA_lite/17.1/nios2eds/bin/gnu/H-x86_64-pc-linux-gnu/bin/../lib/gcc/nios2-elf/5.3.0/../../../../../H-x86_64-pc-linux-gnu/nios2-elf/lib/mno-hw-mul/libc.a(lib_a-vfiprintf.o)
                0x0000000000027cac                __sprint_r
 .text.___vfiprintf_internal_r
                0x0000000000027cc4     0x150c /usr/local/intelFPGA_lite/17.1/nios2eds/bin/gnu/H-x86_64-pc-linux-gnu/bin/../lib/gcc/nios2-elf/5.3.0/../../../../../H-x86_64-pc-linux-gnu/nios2-elf/lib/mno-hw-mul/libc.a(lib_a-vfiprintf.o)
                0x0000000000027cc4                ___vfiprintf_internal_r
 .text.__vfiprintf_internal
                0x00000000000291d0       0x1c /usr/local/intelFPGA_lite/17.1/nios2eds/bin/gnu/H-x86_64-pc-linux-gnu/bin/../lib/gcc/nios2-elf/5.3.0/../../../../../H-x86_64-pc-linux-gnu/nios2-elf/lib/mno-hw-mul/libc.a(lib_a-vfiprintf.o)
                0x00000000000291d0                __vfiprintf_internal
 .text.__sbprintf
                0x00000000000291ec       0xbc /usr/local/intelFPGA_lite/17.1/nios2eds/bin/gnu/H-x86_64-pc-linux-gnu/bin/../lib/gcc/nios2-elf/5.3.0/../../../../../H-x86_64-pc-linux-gnu/nios2-elf/lib/mno-hw-mul/libc.a(lib_a-vfiprintf.o)
 .text          0x00000000000292a8        0x0 /usr/local/intelFPGA_lite/17.1/nios2eds/bin/gnu/H-x86_64-pc-linux-gnu/bin/../lib/gcc/nios2-elf/5.3.0/../../../../../H-x86_64-pc-linux-gnu/nios2-elf/lib/mno-hw-mul/libc.a(lib_a-writer.o)
 .text._write_r
                0x00000000000292a8       0x60 /usr/local/intelFPGA_lite/17.1/nios2eds/bin/gnu/H-x86_64-pc-linux-gnu/bin/../lib/gcc/nios2-elf/5.3.0/../../../../../H-x86_64-pc-linux-gnu/nios2-elf/lib/mno-hw-mul/libc.a(lib_a-writer.o)
                0x00000000000292a8                _write_r
 .text          0x0000000000029308        0x0 /usr/local/intelFPGA_lite/17.1/nios2eds/bin/gnu/H-x86_64-pc-linux-gnu/bin/../lib/gcc/nios2-elf/5.3.0/../../../../../H-x86_64-pc-linux-gnu/nios2-elf/lib/mno-hw-mul/libc.a(closer.o)
 .text._close_r
                0x0000000000029308       0x54 /usr/local/intelFPGA_lite/17.1/nios2eds/bin/gnu/H-x86_64-pc-linux-gnu/bin/../lib/gcc/nios2-elf/5.3.0/../../../../../H-x86_64-pc-linux-gnu/nios2-elf/lib/mno-hw-mul/libc.a(closer.o)
                0x0000000000029308                _close_r
 .text          0x000000000002935c        0x0 /usr/local/intelFPGA_lite/17.1/nios2eds/bin/gnu/H-x86_64-pc-linux-gnu/bin/../lib/gcc/nios2-elf/5.3.0/../../../../../H-x86_64-pc-linux-gnu/nios2-elf/lib/mno-hw-mul/libc.a(lib_a-callocr.o)
 .text._calloc_r
                0x000000000002935c       0xdc /usr/local/intelFPGA_lite/17.1/nios2eds/bin/gnu/H-x86_64-pc-linux-gnu/bin/../lib/gcc/nios2-elf/5.3.0/../../../../../H-x86_64-pc-linux-gnu/nios2-elf/lib/mno-hw-mul/libc.a(lib_a-callocr.o)
                0x000000000002935c                _calloc_r
 .text          0x0000000000029438        0x0 /usr/local/intelFPGA_lite/17.1/nios2eds/bin/gnu/H-x86_64-pc-linux-gnu/bin/../lib/gcc/nios2-elf/5.3.0/../../../../../H-x86_64-pc-linux-gnu/nios2-elf/lib/mno-hw-mul/libc.a(lib_a-fclose.o)
 .text._fclose_r
                0x0000000000029438       0xf0 /usr/local/intelFPGA_lite/17.1/nios2eds/bin/gnu/H-x86_64-pc-linux-gnu/bin/../lib/gcc/nios2-elf/5.3.0/../../../../../H-x86_64-pc-linux-gnu/nios2-elf/lib/mno-hw-mul/libc.a(lib_a-fclose.o)
                0x0000000000029438                _fclose_r
 .text.fclose   0x0000000000029528       0x14 /usr/local/intelFPGA_lite/17.1/nios2eds/bin/gnu/H-x86_64-pc-linux-gnu/bin/../lib/gcc/nios2-elf/5.3.0/../../../../../H-x86_64-pc-linux-gnu/nios2-elf/lib/mno-hw-mul/libc.a(lib_a-fclose.o)
                0x0000000000029528                fclose
 .text          0x000000000002953c        0x0 /usr/local/intelFPGA_lite/17.1/nios2eds/bin/gnu/H-x86_64-pc-linux-gnu/bin/../lib/gcc/nios2-elf/5.3.0/../../../../../H-x86_64-pc-linux-gnu/nios2-elf/lib/mno-hw-mul/libc.a(lib_a-fputwc.o)
 .text.__fputwc
                0x000000000002953c      0x164 /usr/local/intelFPGA_lite/17.1/nios2eds/bin/gnu/H-x86_64-pc-linux-gnu/bin/../lib/gcc/nios2-elf/5.3.0/../../../../../H-x86_64-pc-linux-gnu/nios2-elf/lib/mno-hw-mul/libc.a(lib_a-fputwc.o)
                0x000000000002953c                __fputwc
 .text._fputwc_r
                0x00000000000296a0       0x24 /usr/local/intelFPGA_lite/17.1/nios2eds/bin/gnu/H-x86_64-pc-linux-gnu/bin/../lib/gcc/nios2-elf/5.3.0/../../../../../H-x86_64-pc-linux-gnu/nios2-elf/lib/mno-hw-mul/libc.a(lib_a-fputwc.o)
                0x00000000000296a0                _fputwc_r
 .text.fputwc   0x00000000000296c4       0x80 /usr/local/intelFPGA_lite/17.1/nios2eds/bin/gnu/H-x86_64-pc-linux-gnu/bin/../lib/gcc/nios2-elf/5.3.0/../../../../../H-x86_64-pc-linux-gnu/nios2-elf/lib/mno-hw-mul/libc.a(lib_a-fputwc.o)
                0x00000000000296c4                fputwc
 .text          0x0000000000029744        0x0 /usr/local/intelFPGA_lite/17.1/nios2eds/bin/gnu/H-x86_64-pc-linux-gnu/bin/../lib/gcc/nios2-elf/5.3.0/../../../../../H-x86_64-pc-linux-gnu/nios2-elf/lib/mno-hw-mul/libc.a(lib_a-fstatr.o)
 .text._fstat_r
                0x0000000000029744       0x5c /usr/local/intelFPGA_lite/17.1/nios2eds/bin/gnu/H-x86_64-pc-linux-gnu/bin/../lib/gcc/nios2-elf/5.3.0/../../../../../H-x86_64-pc-linux-gnu/nios2-elf/lib/mno-hw-mul/libc.a(lib_a-fstatr.o)
                0x0000000000029744                _fstat_r
 .text          0x00000000000297a0        0x0 /usr/local/intelFPGA_lite/17.1/nios2eds/bin/gnu/H-x86_64-pc-linux-gnu/bin/../lib/gcc/nios2-elf/5.3.0/../../../../../H-x86_64-pc-linux-gnu/nios2-elf/lib/mno-hw-mul/libc.a(lib_a-int_errno.o)
 .text          0x00000000000297a0        0x0 /usr/local/intelFPGA_lite/17.1/nios2eds/bin/gnu/H-x86_64-pc-linux-gnu/bin/../lib/gcc/nios2-elf/5.3.0/../../../../../H-x86_64-pc-linux-gnu/nios2-elf/lib/mno-hw-mul/libc.a(lib_a-isattyr.o)
 .text._isatty_r
                0x00000000000297a0       0x54 /usr/local/intelFPGA_lite/17.1/nios2eds/bin/gnu/H-x86_64-pc-linux-gnu/bin/../lib/gcc/nios2-elf/5.3.0/../../../../../H-x86_64-pc-linux-gnu/nios2-elf/lib/mno-hw-mul/libc.a(lib_a-isattyr.o)
                0x00000000000297a0                _isatty_r
 .text          0x00000000000297f4        0x0 /usr/local/intelFPGA_lite/17.1/nios2eds/bin/gnu/H-x86_64-pc-linux-gnu/bin/../lib/gcc/nios2-elf/5.3.0/../../../../../H-x86_64-pc-linux-gnu/nios2-elf/lib/mno-hw-mul/libc.a(lib_a-lseekr.o)
 .text._lseek_r
                0x00000000000297f4       0x60 /usr/local/intelFPGA_lite/17.1/nios2eds/bin/gnu/H-x86_64-pc-linux-gnu/bin/../lib/gcc/nios2-elf/5.3.0/../../../../../H-x86_64-pc-linux-gnu/nios2-elf/lib/mno-hw-mul/libc.a(lib_a-lseekr.o)
                0x00000000000297f4                _lseek_r
 .text          0x0000000000029854        0x0 /usr/local/intelFPGA_lite/17.1/nios2eds/bin/gnu/H-x86_64-pc-linux-gnu/bin/../lib/gcc/nios2-elf/5.3.0/../../../../../H-x86_64-pc-linux-gnu/nios2-elf/lib/mno-hw-mul/libc.a(lib_a-readr.o)
 .text._read_r  0x0000000000029854       0x60 /usr/local/intelFPGA_lite/17.1/nios2eds/bin/gnu/H-x86_64-pc-linux-gnu/bin/../lib/gcc/nios2-elf/5.3.0/../../../../../H-x86_64-pc-linux-gnu/nios2-elf/lib/mno-hw-mul/libc.a(lib_a-readr.o)
                0x0000000000029854                _read_r
 .text          0x00000000000298b4        0x0 /usr/local/intelFPGA_lite/17.1/nios2eds/bin/gnu/H-x86_64-pc-linux-gnu/bin/../lib/gcc/nios2-elf/5.3.0/../../../../../H-x86_64-pc-linux-gnu/nios2-elf/lib/mno-hw-mul/libc.a(lib_a-wbuf.o)
 .text.__swbuf_r
                0x00000000000298b4      0x140 /usr/local/intelFPGA_lite/17.1/nios2eds/bin/gnu/H-x86_64-pc-linux-gnu/bin/../lib/gcc/nios2-elf/5.3.0/../../../../../H-x86_64-pc-linux-gnu/nios2-elf/lib/mno-hw-mul/libc.a(lib_a-wbuf.o)
                0x00000000000298b4                __swbuf_r
 .text.__swbuf  0x00000000000299f4       0x18 /usr/local/intelFPGA_lite/17.1/nios2eds/bin/gnu/H-x86_64-pc-linux-gnu/bin/../lib/gcc/nios2-elf/5.3.0/../../../../../H-x86_64-pc-linux-gnu/nios2-elf/lib/mno-hw-mul/libc.a(lib_a-wbuf.o)
                0x00000000000299f4                __swbuf
 .text          0x0000000000029a0c        0x0 /usr/local/intelFPGA_lite/17.1/nios2eds/bin/gnu/H-x86_64-pc-linux-gnu/bin/../lib/gcc/nios2-elf/5.3.0/../../../../../H-x86_64-pc-linux-gnu/nios2-elf/lib/mno-hw-mul/libc.a(lib_a-wcrtomb.o)
 .text._wcrtomb_r
                0x0000000000029a0c       0x9c /usr/local/intelFPGA_lite/17.1/nios2eds/bin/gnu/H-x86_64-pc-linux-gnu/bin/../lib/gcc/nios2-elf/5.3.0/../../../../../H-x86_64-pc-linux-gnu/nios2-elf/lib/mno-hw-mul/libc.a(lib_a-wcrtomb.o)
                0x0000000000029a0c                _wcrtomb_r
 .text.wcrtomb  0x0000000000029aa8       0xc0 /usr/local/intelFPGA_lite/17.1/nios2eds/bin/gnu/H-x86_64-pc-linux-gnu/bin/../lib/gcc/nios2-elf/5.3.0/../../../../../H-x86_64-pc-linux-gnu/nios2-elf/lib/mno-hw-mul/libc.a(lib_a-wcrtomb.o)
                0x0000000000029aa8                wcrtomb
 .text          0x0000000000029b68        0x0 /usr/local/intelFPGA_lite/17.1/nios2eds/bin/gnu/H-x86_64-pc-linux-gnu/bin/../lib/gcc/nios2-elf/5.3.0/../../../../../H-x86_64-pc-linux-gnu/nios2-elf/lib/mno-hw-mul/libc.a(lib_a-wctomb_r.o)
 .text.__ascii_wctomb
                0x0000000000029b68       0x30 /usr/local/intelFPGA_lite/17.1/nios2eds/bin/gnu/H-x86_64-pc-linux-gnu/bin/../lib/gcc/nios2-elf/5.3.0/../../../../../H-x86_64-pc-linux-gnu/nios2-elf/lib/mno-hw-mul/libc.a(lib_a-wctomb_r.o)
                0x0000000000029b68                __ascii_wctomb
 .text._wctomb_r
                0x0000000000029b98       0x5c /usr/local/intelFPGA_lite/17.1/nios2eds/bin/gnu/H-x86_64-pc-linux-gnu/bin/../lib/gcc/nios2-elf/5.3.0/../../../../../H-x86_64-pc-linux-gnu/nios2-elf/lib/mno-hw-mul/libc.a(lib_a-wctomb_r.o)
                0x0000000000029b98                _wctomb_r
 .text          0x0000000000029bf4      0x5fc /usr/local/intelFPGA_lite/17.1/nios2eds/bin/gnu/H-x86_64-pc-linux-gnu/bin/../lib/gcc/nios2-elf/5.3.0/mno-hw-mul/libgcc.a(_udivdi3.o)
                0x0000000000029bf4                __udivdi3
 .text          0x000000000002a1f0      0x5c4 /usr/local/intelFPGA_lite/17.1/nios2eds/bin/gnu/H-x86_64-pc-linux-gnu/bin/../lib/gcc/nios2-elf/5.3.0/mno-hw-mul/libgcc.a(_umoddi3.o)
                0x000000000002a1f0                __umoddi3
 .text          0x000000000002a7b4      0x1b4 /usr/local/intelFPGA_lite/17.1/nios2eds/bin/gnu/H-x86_64-pc-linux-gnu/bin/../lib/gcc/nios2-elf/5.3.0/mno-hw-mul/libgcc.a(lib2-divmod.o)
                0x000000000002a7b4                __divsi3
                0x000000000002a838                __modsi3
                0x000000000002a8ac                __udivsi3
                0x000000000002a910                __umodsi3
 .text          0x000000000002a968       0x28 /usr/local/intelFPGA_lite/17.1/nios2eds/bin/gnu/H-x86_64-pc-linux-gnu/bin/../lib/gcc/nios2-elf/5.3.0/mno-hw-mul/libgcc.a(lib2-mul.o)
                0x000000000002a968                __mulsi3
 .text          0x000000000002a990      0x8ac /usr/local/intelFPGA_lite/17.1/nios2eds/bin/gnu/H-x86_64-pc-linux-gnu/bin/../lib/gcc/nios2-elf/5.3.0/mno-hw-mul/libgcc.a(adddf3.o)
                0x000000000002a990                __adddf3
 .text          0x000000000002b23c      0x9d0 /usr/local/intelFPGA_lite/17.1/nios2eds/bin/gnu/H-x86_64-pc-linux-gnu/bin/../lib/gcc/nios2-elf/5.3.0/mno-hw-mul/libgcc.a(divdf3.o)
                0x000000000002b23c                __divdf3
 .text          0x000000000002bc0c       0x88 /usr/local/intelFPGA_lite/17.1/nios2eds/bin/gnu/H-x86_64-pc-linux-gnu/bin/../lib/gcc/nios2-elf/5.3.0/mno-hw-mul/libgcc.a(eqdf2.o)
                0x000000000002bc0c                __eqdf2
                0x000000000002bc0c                __nedf2
 .text          0x000000000002bc94       0xdc /usr/local/intelFPGA_lite/17.1/nios2eds/bin/gnu/H-x86_64-pc-linux-gnu/bin/../lib/gcc/nios2-elf/5.3.0/mno-hw-mul/libgcc.a(gedf2.o)
                0x000000000002bc94                __gtdf2
                0x000000000002bc94                __gedf2
 .text          0x000000000002bd70       0xf4 /usr/local/intelFPGA_lite/17.1/nios2eds/bin/gnu/H-x86_64-pc-linux-gnu/bin/../lib/gcc/nios2-elf/5.3.0/mno-hw-mul/libgcc.a(ledf2.o)
                0x000000000002bd70                __ltdf2
                0x000000000002bd70                __ledf2
 .text          0x000000000002be64      0x86c /usr/local/intelFPGA_lite/17.1/nios2eds/bin/gnu/H-x86_64-pc-linux-gnu/bin/../lib/gcc/nios2-elf/5.3.0/mno-hw-mul/libgcc.a(muldf3.o)
                0x000000000002be64                __muldf3
 .text          0x000000000002c6d0      0x8fc /usr/local/intelFPGA_lite/17.1/nios2eds/bin/gnu/H-x86_64-pc-linux-gnu/bin/../lib/gcc/nios2-elf/5.3.0/mno-hw-mul/libgcc.a(subdf3.o)
                0x000000000002c6d0                __subdf3
 .text          0x000000000002cfcc       0x80 /usr/local/intelFPGA_lite/17.1/nios2eds/bin/gnu/H-x86_64-pc-linux-gnu/bin/../lib/gcc/nios2-elf/5.3.0/mno-hw-mul/libgcc.a(fixdfsi.o)
                0x000000000002cfcc                __fixdfsi
 .text          0x000000000002d04c       0xdc /usr/local/intelFPGA_lite/17.1/nios2eds/bin/gnu/H-x86_64-pc-linux-gnu/bin/../lib/gcc/nios2-elf/5.3.0/mno-hw-mul/libgcc.a(floatsidf.o)
                0x000000000002d04c                __floatsidf
 .text          0x000000000002d128       0xa8 /usr/local/intelFPGA_lite/17.1/nios2eds/bin/gnu/H-x86_64-pc-linux-gnu/bin/../lib/gcc/nios2-elf/5.3.0/mno-hw-mul/libgcc.a(floatunsidf.o)
                0x000000000002d128                __floatunsidf
 .text          0x000000000002d1d0        0x0 /usr/local/intelFPGA_lite/17.1/nios2eds/bin/gnu/H-x86_64-pc-linux-gnu/bin/../lib/gcc/nios2-elf/5.3.0/mno-hw-mul/libgcc.a(_clz.o)
 .text          0x000000000002d1d0       0x64 /usr/local/intelFPGA_lite/17.1/nios2eds/bin/gnu/H-x86_64-pc-linux-gnu/bin/../lib/gcc/nios2-elf/5.3.0/mno-hw-mul/libgcc.a(_clzsi2.o)
                0x000000000002d1d0                __clzsi2
 .text          0x000000000002d234      0x114 ../soft_bsp//libhal_bsp.a(alt_close.o)
                0x000000000002d270                close
 .text          0x000000000002d348       0x2c ../soft_bsp//libhal_bsp.a(alt_dev.o)
 .text          0x000000000002d374        0x0 ../soft_bsp//libhal_bsp.a(alt_errno.o)
 .text          0x000000000002d374       0xf4 ../soft_bsp//libhal_bsp.a(alt_fstat.o)
                0x000000000002d3b0                fstat
 .text          0x000000000002d468       0xe8 ../soft_bsp//libhal_bsp.a(alt_isatty.o)
                0x000000000002d4a4                isatty
 .text          0x000000000002d550       0xec ../soft_bsp//libhal_bsp.a(alt_load.o)
                0x000000000002d5b8                alt_load
 .text          0x000000000002d63c      0x118 ../soft_bsp//libhal_bsp.a(alt_lseek.o)
                0x000000000002d678                lseek
 .text          0x000000000002d754       0x7c ../soft_bsp//libhal_bsp.a(alt_main.o)
                0x000000000002d754                alt_main
 .text          0x000000000002d7d0       0x48 ../soft_bsp//libhal_bsp.a(alt_malloc_lock.o)
                0x000000000002d7d0                __malloc_lock
                0x000000000002d7f4                __malloc_unlock
 .text          0x000000000002d818      0x140 ../soft_bsp//libhal_bsp.a(alt_read.o)
                0x000000000002d854                read
 .text          0x000000000002d958       0x84 ../soft_bsp//libhal_bsp.a(alt_release_fd.o)
                0x000000000002d958                alt_release_fd
 .text          0x000000000002d9dc       0xb0 ../soft_bsp//libhal_bsp.a(alt_sbrk.o)
                0x000000000002d9dc                sbrk
 .text          0x000000000002da8c      0x13c ../soft_bsp//libhal_bsp.a(alt_write.o)
                0x000000000002dac8                write
 .text          0x000000000002dbc8       0xb4 ../soft_bsp//libhal_bsp.a(alt_sys_init.o)
                0x000000000002dbfc                alt_irq_init
                0x000000000002dc34                alt_sys_init
 .text          0x000000000002dc7c      0x164 ../soft_bsp//libhal_bsp.a(altera_avalon_jtag_uart_fd.o)
                0x000000000002dc7c                altera_avalon_jtag_uart_read_fd
                0x000000000002dcdc                altera_avalon_jtag_uart_write_fd
                0x000000000002dd3c                altera_avalon_jtag_uart_close_fd
                0x000000000002dd8c                altera_avalon_jtag_uart_ioctl_fd
 .text          0x000000000002dde0      0x3d4 ../soft_bsp//libhal_bsp.a(altera_avalon_jtag_uart_init.o)
                0x000000000002dde0                altera_avalon_jtag_uart_init
                0x000000000002e14c                altera_avalon_jtag_uart_close
 .text          0x000000000002e1b4       0xf0 ../soft_bsp//libhal_bsp.a(altera_avalon_jtag_uart_ioctl.o)
                0x000000000002e1b4                altera_avalon_jtag_uart_ioctl
 .text          0x000000000002e2a4      0x21c ../soft_bsp//libhal_bsp.a(altera_avalon_jtag_uart_read.o)
                0x000000000002e2a4                altera_avalon_jtag_uart_read
 .text          0x000000000002e4c0      0x224 ../soft_bsp//libhal_bsp.a(altera_avalon_jtag_uart_write.o)
                0x000000000002e4c0                altera_avalon_jtag_uart_write
 .text          0x000000000002e6e4      0x12c ../soft_bsp//libhal_bsp.a(alt_alarm_start.o)
                0x000000000002e6e4                alt_alarm_start
 .text          0x000000000002e810       0x20 ../soft_bsp//libhal_bsp.a(alt_dcache_flush_all.o)
                0x000000000002e810                alt_dcache_flush_all
 .text          0x000000000002e830       0xe0 ../soft_bsp//libhal_bsp.a(alt_dev_llist_insert.o)
                0x000000000002e86c                alt_dev_llist_insert
 .text          0x000000000002e910       0x60 ../soft_bsp//libhal_bsp.a(alt_do_ctors.o)
                0x000000000002e910                _do_ctors
 .text          0x000000000002e970       0x60 ../soft_bsp//libhal_bsp.a(alt_do_dtors.o)
                0x000000000002e970                _do_dtors
 .text          0x000000000002e9d0       0x20 ../soft_bsp//libhal_bsp.a(alt_icache_flush_all.o)
                0x000000000002e9d0                alt_icache_flush_all
 .text          0x000000000002e9f0      0x1b0 ../soft_bsp//libhal_bsp.a(alt_iic.o)
                0x000000000002e9f0                alt_ic_isr_register
                0x000000000002ea40                alt_ic_irq_enable
                0x000000000002eac8                alt_ic_irq_disable
                0x000000000002eb54                alt_ic_irq_enabled
 .text          0x000000000002eba0       0xf0 ../soft_bsp//libhal_bsp.a(alt_iic_isr_register.o)
                0x000000000002eba0                alt_iic_isr_register
 .text          0x000000000002ec90      0x160 ../soft_bsp//libhal_bsp.a(alt_io_redirect.o)
                0x000000000002ed74                alt_io_redirect
 .text          0x000000000002edf0        0x0 ../soft_bsp//libhal_bsp.a(alt_irq_entry.o)
 .text          0x000000000002edf0        0x0 ../soft_bsp//libhal_bsp.a(alt_irq_handler.o)
 .text          0x000000000002edf0        0x0 ../soft_bsp//libhal_bsp.a(alt_irq_vars.o)
 .text          0x000000000002edf0      0x284 ../soft_bsp//libhal_bsp.a(alt_open.o)
                0x000000000002ef18                open
 .text          0x000000000002f074      0x1a4 ../soft_bsp//libhal_bsp.a(alt_tick.o)
                0x000000000002f074                alt_alarm_stop
                0x000000000002f110                alt_tick
 .text          0x000000000002f218       0x24 ../soft_bsp//libhal_bsp.a(altera_nios2_gen2_irq.o)
                0x000000000002f218                altera_nios2_gen2_irq_init
 .text          0x000000000002f23c        0x0 ../soft_bsp//libhal_bsp.a(alt_exception_entry.o)
 .text          0x000000000002f23c       0x90 ../soft_bsp//libhal_bsp.a(alt_find_dev.o)
                0x000000000002f23c                alt_find_dev
 .text          0x000000000002f2cc      0x108 ../soft_bsp//libhal_bsp.a(alt_find_file.o)
                0x000000000002f2cc                alt_find_file
 .text          0x000000000002f3d4       0xc4 ../soft_bsp//libhal_bsp.a(alt_get_fd.o)
                0x000000000002f3d4                alt_get_fd
 .text          0x000000000002f498       0x9c ../soft_bsp//libhal_bsp.a(alt_instruction_exception_entry.o)
                0x000000000002f498                alt_exception_cause_generated_bad_addr
 .text          0x000000000002f534        0x0 /usr/local/intelFPGA_lite/17.1/nios2eds/bin/gnu/H-x86_64-pc-linux-gnu/bin/../lib/gcc/nios2-elf/5.3.0/../../../../../H-x86_64-pc-linux-gnu/nios2-elf/lib/mno-hw-mul/libc.a(lib_a-atexit.o)
 .text.atexit   0x000000000002f534       0x14 /usr/local/intelFPGA_lite/17.1/nios2eds/bin/gnu/H-x86_64-pc-linux-gnu/bin/../lib/gcc/nios2-elf/5.3.0/../../../../../H-x86_64-pc-linux-gnu/nios2-elf/lib/mno-hw-mul/libc.a(lib_a-atexit.o)
                0x000000000002f534                atexit
 .text          0x000000000002f548        0x0 /usr/local/intelFPGA_lite/17.1/nios2eds/bin/gnu/H-x86_64-pc-linux-gnu/bin/../lib/gcc/nios2-elf/5.3.0/../../../../../H-x86_64-pc-linux-gnu/nios2-elf/lib/mno-hw-mul/libc.a(lib_a-exit.o)
 .text.exit     0x000000000002f548       0x38 /usr/local/intelFPGA_lite/17.1/nios2eds/bin/gnu/H-x86_64-pc-linux-gnu/bin/../lib/gcc/nios2-elf/5.3.0/../../../../../H-x86_64-pc-linux-gnu/nios2-elf/lib/mno-hw-mul/libc.a(lib_a-exit.o)
                0x000000000002f548                exit
 .text          0x000000000002f580        0x0 /usr/local/intelFPGA_lite/17.1/nios2eds/bin/gnu/H-x86_64-pc-linux-gnu/bin/../lib/gcc/nios2-elf/5.3.0/../../../../../H-x86_64-pc-linux-gnu/nios2-elf/lib/mno-hw-mul/libc.a(lib_a-memcmp.o)
 .text.memcmp   0x000000000002f580       0x7c /usr/local/intelFPGA_lite/17.1/nios2eds/bin/gnu/H-x86_64-pc-linux-gnu/bin/../lib/gcc/nios2-elf/5.3.0/../../../../../H-x86_64-pc-linux-gnu/nios2-elf/lib/mno-hw-mul/libc.a(lib_a-memcmp.o)
                0x000000000002f580                memcmp
 .text          0x000000000002f5fc        0x0 /usr/local/intelFPGA_lite/17.1/nios2eds/bin/gnu/H-x86_64-pc-linux-gnu/bin/../lib/gcc/nios2-elf/5.3.0/../../../../../H-x86_64-pc-linux-gnu/nios2-elf/lib/mno-hw-mul/libc.a(lib_a-__atexit.o)
 .text.__register_exitproc
                0x000000000002f5fc      0x118 /usr/local/intelFPGA_lite/17.1/nios2eds/bin/gnu/H-x86_64-pc-linux-gnu/bin/../lib/gcc/nios2-elf/5.3.0/../../../../../H-x86_64-pc-linux-gnu/nios2-elf/lib/mno-hw-mul/libc.a(lib_a-__atexit.o)
                0x000000000002f5fc                __register_exitproc
 .text          0x000000000002f714        0x0 /usr/local/intelFPGA_lite/17.1/nios2eds/bin/gnu/H-x86_64-pc-linux-gnu/bin/../lib/gcc/nios2-elf/5.3.0/../../../../../H-x86_64-pc-linux-gnu/nios2-elf/lib/mno-hw-mul/libc.a(lib_a-__call_atexit.o)
 .text.__call_exitprocs
                0x000000000002f714      0x180 /usr/local/intelFPGA_lite/17.1/nios2eds/bin/gnu/H-x86_64-pc-linux-gnu/bin/../lib/gcc/nios2-elf/5.3.0/../../../../../H-x86_64-pc-linux-gnu/nios2-elf/lib/mno-hw-mul/libc.a(lib_a-__call_atexit.o)
                0x000000000002f714                __call_exitprocs
 .text          0x000000000002f894       0x34 ../soft_bsp//libhal_bsp.a(alt_exit.o)
                0x000000000002f894                _exit
 *(.gnu.warning.*)
 *(.fini)
                [!provide]                        PROVIDE (__etext, ABSOLUTE (.))
                [!provide]                        PROVIDE (_etext, ABSOLUTE (.))
                [!provide]                        PROVIDE (etext, ABSOLUTE (.))
 *(.eh_frame_hdr)
                0x000000000002f8c8                . = ALIGN (0x4)
                [!provide]                        PROVIDE (__preinit_array_start, ABSOLUTE (.))
 *(.preinit_array)
                [!provide]                        PROVIDE (__preinit_array_end, ABSOLUTE (.))
                [!provide]                        PROVIDE (__init_array_start, ABSOLUTE (.))
 *(.init_array)
                [!provide]                        PROVIDE (__init_array_end, ABSOLUTE (.))
                [!provide]                        PROVIDE (__fini_array_start, ABSOLUTE (.))
 *(.fini_array)
                [!provide]                        PROVIDE (__fini_array_end, ABSOLUTE (.))
 *(.eh_frame)
 *(.gcc_except_table .gcc_except_table.*)
 *(.dynamic)
                0x000000000002f8c8                PROVIDE (__CTOR_LIST__, ABSOLUTE (.))
 *(.ctors)
 *(SORT(.ctors.*))
                0x000000000002f8c8                PROVIDE (__CTOR_END__, ABSOLUTE (.))
                0x000000000002f8c8                PROVIDE (__DTOR_LIST__, ABSOLUTE (.))
 *(.dtors)
 *(SORT(.dtors.*))
                0x000000000002f8c8                PROVIDE (__DTOR_END__, ABSOLUTE (.))
 *(.jcr)
                0x000000000002f8c8                . = ALIGN (0x4)

.rodata         0x000000000002f8c8      0x330
                0x000000000002f8c8                PROVIDE (__ram_rodata_start, ABSOLUTE (.))
                0x000000000002f8c8                . = ALIGN (0x4)
 *(.rodata .rodata.* .gnu.linkonce.r.*)
 .rodata        0x000000000002f8c8       0x2d obj/default/hello_world.o
 *fill*         0x000000000002f8f5        0x3 
 .rodata.str1.4
                0x000000000002f8f8        0x2 /usr/local/intelFPGA_lite/17.1/nios2eds/bin/gnu/H-x86_64-pc-linux-gnu/bin/../lib/gcc/nios2-elf/5.3.0/../../../../../H-x86_64-pc-linux-gnu/nios2-elf/lib/mno-hw-mul/libc.a(lib_a-puts.o)
 *fill*         0x000000000002f8fa        0x2 
 .rodata.str1.4
                0x000000000002f8fc       0x42 /usr/local/intelFPGA_lite/17.1/nios2eds/bin/gnu/H-x86_64-pc-linux-gnu/bin/../lib/gcc/nios2-elf/5.3.0/../../../../../H-x86_64-pc-linux-gnu/nios2-elf/lib/mno-hw-mul/libc.a(lib_a-vfprintf.o)
 .rodata.zeroes.4404
                0x000000000002f93e       0x10 /usr/local/intelFPGA_lite/17.1/nios2eds/bin/gnu/H-x86_64-pc-linux-gnu/bin/../lib/gcc/nios2-elf/5.3.0/../../../../../H-x86_64-pc-linux-gnu/nios2-elf/lib/mno-hw-mul/libc.a(lib_a-vfprintf.o)
 .rodata.blanks.4403
                0x000000000002f94e       0x10 /usr/local/intelFPGA_lite/17.1/nios2eds/bin/gnu/H-x86_64-pc-linux-gnu/bin/../lib/gcc/nios2-elf/5.3.0/../../../../../H-x86_64-pc-linux-gnu/nios2-elf/lib/mno-hw-mul/libc.a(lib_a-vfprintf.o)
 *fill*         0x000000000002f95e        0x2 
 .rodata.str1.4
                0x000000000002f960       0x10 /usr/local/intelFPGA_lite/17.1/nios2eds/bin/gnu/H-x86_64-pc-linux-gnu/bin/../lib/gcc/nios2-elf/5.3.0/../../../../../H-x86_64-pc-linux-gnu/nios2-elf/lib/mno-hw-mul/libc.a(lib_a-dtoa.o)
                                         0x12 (size before relaxing)
 .rodata.str1.4
                0x000000000002f970        0x2 /usr/local/intelFPGA_lite/17.1/nios2eds/bin/gnu/H-x86_64-pc-linux-gnu/bin/../lib/gcc/nios2-elf/5.3.0/../../../../../H-x86_64-pc-linux-gnu/nios2-elf/lib/mno-hw-mul/libc.a(lib_a-impure.o)
 *fill*         0x000000000002f972        0x2 
 .rodata.str1.4
                0x000000000002f974        0xc /usr/local/intelFPGA_lite/17.1/nios2eds/bin/gnu/H-x86_64-pc-linux-gnu/bin/../lib/gcc/nios2-elf/5.3.0/../../../../../H-x86_64-pc-linux-gnu/nios2-elf/lib/mno-hw-mul/libc.a(lib_a-locale.o)
                                         0x12 (size before relaxing)
 .rodata.p05.2768
                0x000000000002f980        0xc /usr/local/intelFPGA_lite/17.1/nios2eds/bin/gnu/H-x86_64-pc-linux-gnu/bin/../lib/gcc/nios2-elf/5.3.0/../../../../../H-x86_64-pc-linux-gnu/nios2-elf/lib/mno-hw-mul/libc.a(lib_a-mprec.o)
 .rodata.__mprec_tinytens
                0x000000000002f98c       0x28 /usr/local/intelFPGA_lite/17.1/nios2eds/bin/gnu/H-x86_64-pc-linux-gnu/bin/../lib/gcc/nios2-elf/5.3.0/../../../../../H-x86_64-pc-linux-gnu/nios2-elf/lib/mno-hw-mul/libc.a(lib_a-mprec.o)
                0x000000000002f98c                __mprec_tinytens
 .rodata.__mprec_bigtens
                0x000000000002f9b4       0x28 /usr/local/intelFPGA_lite/17.1/nios2eds/bin/gnu/H-x86_64-pc-linux-gnu/bin/../lib/gcc/nios2-elf/5.3.0/../../../../../H-x86_64-pc-linux-gnu/nios2-elf/lib/mno-hw-mul/libc.a(lib_a-mprec.o)
                0x000000000002f9b4                __mprec_bigtens
 .rodata.__mprec_tens
                0x000000000002f9dc       0xc8 /usr/local/intelFPGA_lite/17.1/nios2eds/bin/gnu/H-x86_64-pc-linux-gnu/bin/../lib/gcc/nios2-elf/5.3.0/../../../../../H-x86_64-pc-linux-gnu/nios2-elf/lib/mno-hw-mul/libc.a(lib_a-mprec.o)
                0x000000000002f9dc                __mprec_tens
 .rodata.str1.4
                0x000000000002faa4       0x2f /usr/local/intelFPGA_lite/17.1/nios2eds/bin/gnu/H-x86_64-pc-linux-gnu/bin/../lib/gcc/nios2-elf/5.3.0/../../../../../H-x86_64-pc-linux-gnu/nios2-elf/lib/mno-hw-mul/libc.a(lib_a-vfiprintf.o)
 .rodata.zeroes.4349
                0x000000000002faa4       0x10 /usr/local/intelFPGA_lite/17.1/nios2eds/bin/gnu/H-x86_64-pc-linux-gnu/bin/../lib/gcc/nios2-elf/5.3.0/../../../../../H-x86_64-pc-linux-gnu/nios2-elf/lib/mno-hw-mul/libc.a(lib_a-vfiprintf.o)
 .rodata.blanks.4348
                0x000000000002fab4       0x10 /usr/local/intelFPGA_lite/17.1/nios2eds/bin/gnu/H-x86_64-pc-linux-gnu/bin/../lib/gcc/nios2-elf/5.3.0/../../../../../H-x86_64-pc-linux-gnu/nios2-elf/lib/mno-hw-mul/libc.a(lib_a-vfiprintf.o)
 .rodata        0x000000000002fac4      0x100 /usr/local/intelFPGA_lite/17.1/nios2eds/bin/gnu/H-x86_64-pc-linux-gnu/bin/../lib/gcc/nios2-elf/5.3.0/mno-hw-mul/libgcc.a(_clz.o)
                0x000000000002fac4                __clz_tab
 .rodata        0x000000000002fbc4        0xa ../soft_bsp//libhal_bsp.a(alt_dev.o)
 *fill*         0x000000000002fbce        0x2 
 .rodata        0x000000000002fbd0       0x11 ../soft_bsp//libhal_bsp.a(alt_main.o)
 *fill*         0x000000000002fbe1        0x3 
 .rodata        0x000000000002fbe4       0x11 ../soft_bsp//libhal_bsp.a(alt_sys_init.o)
 *(.rodata1)
                0x000000000002fbf8                . = ALIGN (0x4)
 *fill*         0x000000000002fbf5        0x3 
                0x000000000002fbf8                PROVIDE (__ram_rodata_end, ABSOLUTE (.))
                0x000000000002f8c8                PROVIDE (__flash_rodata_start, LOADADDR (.rodata))

.rwdata         0x000000000002fbf8     0x1aec load address 0x00000000000316e4
                0x000000000002fbf8                PROVIDE (__ram_rwdata_start, ABSOLUTE (.))
                0x000000000002fbf8                . = ALIGN (0x4)
 *(.got.plt)
 *(.got)
 *(.data1)
 *(.data .data.* .gnu.linkonce.d.*)
 .data          0x000000000002fbf8        0x0 ../soft_bsp//obj/HAL/src/crt0.o
 .data          0x000000000002fbf8        0x0 obj/default/hello_world.o
 .data          0x000000000002fbf8        0x0 /usr/local/intelFPGA_lite/17.1/nios2eds/bin/gnu/H-x86_64-pc-linux-gnu/bin/../lib/gcc/nios2-elf/5.3.0/../../../../../H-x86_64-pc-linux-gnu/nios2-elf/lib/mno-hw-mul/libc.a(lib_a-printf.o)
 .data          0x000000000002fbf8        0x0 /usr/local/intelFPGA_lite/17.1/nios2eds/bin/gnu/H-x86_64-pc-linux-gnu/bin/../lib/gcc/nios2-elf/5.3.0/../../../../../H-x86_64-pc-linux-gnu/nios2-elf/lib/mno-hw-mul/libc.a(lib_a-puts.o)
 .data          0x000000000002fbf8        0x0 /usr/local/intelFPGA_lite/17.1/nios2eds/bin/gnu/H-x86_64-pc-linux-gnu/bin/../lib/gcc/nios2-elf/5.3.0/../../../../../H-x86_64-pc-linux-gnu/nios2-elf/lib/mno-hw-mul/libc.a(lib_a-strlen.o)
 .data          0x000000000002fbf8        0x0 /usr/local/intelFPGA_lite/17.1/nios2eds/bin/gnu/H-x86_64-pc-linux-gnu/bin/../lib/gcc/nios2-elf/5.3.0/../../../../../H-x86_64-pc-linux-gnu/nios2-elf/lib/mno-hw-mul/libc.a(lib_a-vfprintf.o)
 .data          0x000000000002fbf8        0x0 /usr/local/intelFPGA_lite/17.1/nios2eds/bin/gnu/H-x86_64-pc-linux-gnu/bin/../lib/gcc/nios2-elf/5.3.0/../../../../../H-x86_64-pc-linux-gnu/nios2-elf/lib/mno-hw-mul/libc.a(lib_a-wsetup.o)
 .data          0x000000000002fbf8        0x0 /usr/local/intelFPGA_lite/17.1/nios2eds/bin/gnu/H-x86_64-pc-linux-gnu/bin/../lib/gcc/nios2-elf/5.3.0/../../../../../H-x86_64-pc-linux-gnu/nios2-elf/lib/mno-hw-mul/libc.a(lib_a-dtoa.o)
 .data          0x000000000002fbf8        0x0 /usr/local/intelFPGA_lite/17.1/nios2eds/bin/gnu/H-x86_64-pc-linux-gnu/bin/../lib/gcc/nios2-elf/5.3.0/../../../../../H-x86_64-pc-linux-gnu/nios2-elf/lib/mno-hw-mul/libc.a(lib_a-fflush.o)
 .data          0x000000000002fbf8        0x0 /usr/local/intelFPGA_lite/17.1/nios2eds/bin/gnu/H-x86_64-pc-linux-gnu/bin/../lib/gcc/nios2-elf/5.3.0/../../../../../H-x86_64-pc-linux-gnu/nios2-elf/lib/mno-hw-mul/libc.a(lib_a-findfp.o)
 .data          0x000000000002fbf8        0x0 /usr/local/intelFPGA_lite/17.1/nios2eds/bin/gnu/H-x86_64-pc-linux-gnu/bin/../lib/gcc/nios2-elf/5.3.0/../../../../../H-x86_64-pc-linux-gnu/nios2-elf/lib/mno-hw-mul/libc.a(lib_a-freer.o)
 .data          0x000000000002fbf8        0x0 /usr/local/intelFPGA_lite/17.1/nios2eds/bin/gnu/H-x86_64-pc-linux-gnu/bin/../lib/gcc/nios2-elf/5.3.0/../../../../../H-x86_64-pc-linux-gnu/nios2-elf/lib/mno-hw-mul/libc.a(lib_a-fvwrite.o)
 .data          0x000000000002fbf8        0x0 /usr/local/intelFPGA_lite/17.1/nios2eds/bin/gnu/H-x86_64-pc-linux-gnu/bin/../lib/gcc/nios2-elf/5.3.0/../../../../../H-x86_64-pc-linux-gnu/nios2-elf/lib/mno-hw-mul/libc.a(lib_a-fwalk.o)
 .data          0x000000000002fbf8        0x0 /usr/local/intelFPGA_lite/17.1/nios2eds/bin/gnu/H-x86_64-pc-linux-gnu/bin/../lib/gcc/nios2-elf/5.3.0/../../../../../H-x86_64-pc-linux-gnu/nios2-elf/lib/mno-hw-mul/libc.a(lib_a-impure.o)
 .data.impure_data
                0x000000000002fbf8      0x424 /usr/local/intelFPGA_lite/17.1/nios2eds/bin/gnu/H-x86_64-pc-linux-gnu/bin/../lib/gcc/nios2-elf/5.3.0/../../../../../H-x86_64-pc-linux-gnu/nios2-elf/lib/mno-hw-mul/libc.a(lib_a-impure.o)
 .data          0x000000000003001c        0x0 /usr/local/intelFPGA_lite/17.1/nios2eds/bin/gnu/H-x86_64-pc-linux-gnu/bin/../lib/gcc/nios2-elf/5.3.0/../../../../../H-x86_64-pc-linux-gnu/nios2-elf/lib/mno-hw-mul/libc.a(lib_a-locale.o)
 .data.lc_message_charset
                0x000000000003001c       0x20 /usr/local/intelFPGA_lite/17.1/nios2eds/bin/gnu/H-x86_64-pc-linux-gnu/bin/../lib/gcc/nios2-elf/5.3.0/../../../../../H-x86_64-pc-linux-gnu/nios2-elf/lib/mno-hw-mul/libc.a(lib_a-locale.o)
 .data.lc_ctype_charset
                0x000000000003003c       0x20 /usr/local/intelFPGA_lite/17.1/nios2eds/bin/gnu/H-x86_64-pc-linux-gnu/bin/../lib/gcc/nios2-elf/5.3.0/../../../../../H-x86_64-pc-linux-gnu/nios2-elf/lib/mno-hw-mul/libc.a(lib_a-locale.o)
 .data.lconv    0x000000000003005c       0x38 /usr/local/intelFPGA_lite/17.1/nios2eds/bin/gnu/H-x86_64-pc-linux-gnu/bin/../lib/gcc/nios2-elf/5.3.0/../../../../../H-x86_64-pc-linux-gnu/nios2-elf/lib/mno-hw-mul/libc.a(lib_a-locale.o)
 .data          0x0000000000030094        0x0 /usr/local/intelFPGA_lite/17.1/nios2eds/bin/gnu/H-x86_64-pc-linux-gnu/bin/../lib/gcc/nios2-elf/5.3.0/../../../../../H-x86_64-pc-linux-gnu/nios2-elf/lib/mno-hw-mul/libc.a(lib_a-makebuf.o)
 .data          0x0000000000030094        0x0 /usr/local/intelFPGA_lite/17.1/nios2eds/bin/gnu/H-x86_64-pc-linux-gnu/bin/../lib/gcc/nios2-elf/5.3.0/../../../../../H-x86_64-pc-linux-gnu/nios2-elf/lib/mno-hw-mul/libc.a(lib_a-mallocr.o)
 .data.__malloc_av_
                0x0000000000030094      0x408 /usr/local/intelFPGA_lite/17.1/nios2eds/bin/gnu/H-x86_64-pc-linux-gnu/bin/../lib/gcc/nios2-elf/5.3.0/../../../../../H-x86_64-pc-linux-gnu/nios2-elf/lib/mno-hw-mul/libc.a(lib_a-mallocr.o)
                0x0000000000030094                __malloc_av_
 .data          0x000000000003049c        0x0 /usr/local/intelFPGA_lite/17.1/nios2eds/bin/gnu/H-x86_64-pc-linux-gnu/bin/../lib/gcc/nios2-elf/5.3.0/../../../../../H-x86_64-pc-linux-gnu/nios2-elf/lib/mno-hw-mul/libc.a(lib_a-memchr.o)
 .data          0x000000000003049c        0x0 /usr/local/intelFPGA_lite/17.1/nios2eds/bin/gnu/H-x86_64-pc-linux-gnu/bin/../lib/gcc/nios2-elf/5.3.0/../../../../../H-x86_64-pc-linux-gnu/nios2-elf/lib/mno-hw-mul/libc.a(lib_a-memcpy.o)
 .data          0x000000000003049c        0x0 /usr/local/intelFPGA_lite/17.1/nios2eds/bin/gnu/H-x86_64-pc-linux-gnu/bin/../lib/gcc/nios2-elf/5.3.0/../../../../../H-x86_64-pc-linux-gnu/nios2-elf/lib/mno-hw-mul/libc.a(lib_a-memmove.o)
 .data          0x000000000003049c        0x0 /usr/local/intelFPGA_lite/17.1/nios2eds/bin/gnu/H-x86_64-pc-linux-gnu/bin/../lib/gcc/nios2-elf/5.3.0/../../../../../H-x86_64-pc-linux-gnu/nios2-elf/lib/mno-hw-mul/libc.a(lib_a-memset.o)
 .data          0x000000000003049c        0x0 /usr/local/intelFPGA_lite/17.1/nios2eds/bin/gnu/H-x86_64-pc-linux-gnu/bin/../lib/gcc/nios2-elf/5.3.0/../../../../../H-x86_64-pc-linux-gnu/nios2-elf/lib/mno-hw-mul/libc.a(lib_a-mprec.o)
 .data          0x000000000003049c        0x0 /usr/local/intelFPGA_lite/17.1/nios2eds/bin/gnu/H-x86_64-pc-linux-gnu/bin/../lib/gcc/nios2-elf/5.3.0/../../../../../H-x86_64-pc-linux-gnu/nios2-elf/lib/mno-hw-mul/libc.a(lib_a-reallocr.o)
 .data          0x000000000003049c        0x0 /usr/local/intelFPGA_lite/17.1/nios2eds/bin/gnu/H-x86_64-pc-linux-gnu/bin/../lib/gcc/nios2-elf/5.3.0/../../../../../H-x86_64-pc-linux-gnu/nios2-elf/lib/mno-hw-mul/libc.a(lib_a-s_fpclassify.o)
 .data          0x000000000003049c        0x0 /usr/local/intelFPGA_lite/17.1/nios2eds/bin/gnu/H-x86_64-pc-linux-gnu/bin/../lib/gcc/nios2-elf/5.3.0/../../../../../H-x86_64-pc-linux-gnu/nios2-elf/lib/mno-hw-mul/libc.a(lib_a-sbrkr.o)
 .data          0x000000000003049c        0x0 /usr/local/intelFPGA_lite/17.1/nios2eds/bin/gnu/H-x86_64-pc-linux-gnu/bin/../lib/gcc/nios2-elf/5.3.0/../../../../../H-x86_64-pc-linux-gnu/nios2-elf/lib/mno-hw-mul/libc.a(lib_a-stdio.o)
 .data          0x000000000003049c        0x0 /usr/local/intelFPGA_lite/17.1/nios2eds/bin/gnu/H-x86_64-pc-linux-gnu/bin/../lib/gcc/nios2-elf/5.3.0/../../../../../H-x86_64-pc-linux-gnu/nios2-elf/lib/mno-hw-mul/libc.a(lib_a-strcmp.o)
 .data          0x000000000003049c        0x0 /usr/local/intelFPGA_lite/17.1/nios2eds/bin/gnu/H-x86_64-pc-linux-gnu/bin/../lib/gcc/nios2-elf/5.3.0/../../../../../H-x86_64-pc-linux-gnu/nios2-elf/lib/mno-hw-mul/libc.a(lib_a-vfiprintf.o)
 .data          0x000000000003049c        0x0 /usr/local/intelFPGA_lite/17.1/nios2eds/bin/gnu/H-x86_64-pc-linux-gnu/bin/../lib/gcc/nios2-elf/5.3.0/../../../../../H-x86_64-pc-linux-gnu/nios2-elf/lib/mno-hw-mul/libc.a(lib_a-writer.o)
 .data          0x000000000003049c        0x0 /usr/local/intelFPGA_lite/17.1/nios2eds/bin/gnu/H-x86_64-pc-linux-gnu/bin/../lib/gcc/nios2-elf/5.3.0/../../../../../H-x86_64-pc-linux-gnu/nios2-elf/lib/mno-hw-mul/libc.a(closer.o)
 .data          0x000000000003049c        0x0 /usr/local/intelFPGA_lite/17.1/nios2eds/bin/gnu/H-x86_64-pc-linux-gnu/bin/../lib/gcc/nios2-elf/5.3.0/../../../../../H-x86_64-pc-linux-gnu/nios2-elf/lib/mno-hw-mul/libc.a(lib_a-callocr.o)
 .data          0x000000000003049c        0x0 /usr/local/intelFPGA_lite/17.1/nios2eds/bin/gnu/H-x86_64-pc-linux-gnu/bin/../lib/gcc/nios2-elf/5.3.0/../../../../../H-x86_64-pc-linux-gnu/nios2-elf/lib/mno-hw-mul/libc.a(lib_a-fclose.o)
 .data          0x000000000003049c        0x0 /usr/local/intelFPGA_lite/17.1/nios2eds/bin/gnu/H-x86_64-pc-linux-gnu/bin/../lib/gcc/nios2-elf/5.3.0/../../../../../H-x86_64-pc-linux-gnu/nios2-elf/lib/mno-hw-mul/libc.a(lib_a-fputwc.o)
 .data          0x000000000003049c        0x0 /usr/local/intelFPGA_lite/17.1/nios2eds/bin/gnu/H-x86_64-pc-linux-gnu/bin/../lib/gcc/nios2-elf/5.3.0/../../../../../H-x86_64-pc-linux-gnu/nios2-elf/lib/mno-hw-mul/libc.a(lib_a-fstatr.o)
 .data          0x000000000003049c        0x0 /usr/local/intelFPGA_lite/17.1/nios2eds/bin/gnu/H-x86_64-pc-linux-gnu/bin/../lib/gcc/nios2-elf/5.3.0/../../../../../H-x86_64-pc-linux-gnu/nios2-elf/lib/mno-hw-mul/libc.a(lib_a-int_errno.o)
 .data          0x000000000003049c        0x0 /usr/local/intelFPGA_lite/17.1/nios2eds/bin/gnu/H-x86_64-pc-linux-gnu/bin/../lib/gcc/nios2-elf/5.3.0/../../../../../H-x86_64-pc-linux-gnu/nios2-elf/lib/mno-hw-mul/libc.a(lib_a-isattyr.o)
 .data          0x000000000003049c        0x0 /usr/local/intelFPGA_lite/17.1/nios2eds/bin/gnu/H-x86_64-pc-linux-gnu/bin/../lib/gcc/nios2-elf/5.3.0/../../../../../H-x86_64-pc-linux-gnu/nios2-elf/lib/mno-hw-mul/libc.a(lib_a-lseekr.o)
 .data          0x000000000003049c        0x0 /usr/local/intelFPGA_lite/17.1/nios2eds/bin/gnu/H-x86_64-pc-linux-gnu/bin/../lib/gcc/nios2-elf/5.3.0/../../../../../H-x86_64-pc-linux-gnu/nios2-elf/lib/mno-hw-mul/libc.a(lib_a-readr.o)
 .data          0x000000000003049c        0x0 /usr/local/intelFPGA_lite/17.1/nios2eds/bin/gnu/H-x86_64-pc-linux-gnu/bin/../lib/gcc/nios2-elf/5.3.0/../../../../../H-x86_64-pc-linux-gnu/nios2-elf/lib/mno-hw-mul/libc.a(lib_a-wbuf.o)
 .data          0x000000000003049c        0x0 /usr/local/intelFPGA_lite/17.1/nios2eds/bin/gnu/H-x86_64-pc-linux-gnu/bin/../lib/gcc/nios2-elf/5.3.0/../../../../../H-x86_64-pc-linux-gnu/nios2-elf/lib/mno-hw-mul/libc.a(lib_a-wcrtomb.o)
 .data          0x000000000003049c        0x0 /usr/local/intelFPGA_lite/17.1/nios2eds/bin/gnu/H-x86_64-pc-linux-gnu/bin/../lib/gcc/nios2-elf/5.3.0/../../../../../H-x86_64-pc-linux-gnu/nios2-elf/lib/mno-hw-mul/libc.a(lib_a-wctomb_r.o)
 .data          0x000000000003049c        0x0 /usr/local/intelFPGA_lite/17.1/nios2eds/bin/gnu/H-x86_64-pc-linux-gnu/bin/../lib/gcc/nios2-elf/5.3.0/mno-hw-mul/libgcc.a(_udivdi3.o)
 .data          0x000000000003049c        0x0 /usr/local/intelFPGA_lite/17.1/nios2eds/bin/gnu/H-x86_64-pc-linux-gnu/bin/../lib/gcc/nios2-elf/5.3.0/mno-hw-mul/libgcc.a(_umoddi3.o)
 .data          0x000000000003049c        0x0 /usr/local/intelFPGA_lite/17.1/nios2eds/bin/gnu/H-x86_64-pc-linux-gnu/bin/../lib/gcc/nios2-elf/5.3.0/mno-hw-mul/libgcc.a(lib2-divmod.o)
 .data          0x000000000003049c        0x0 /usr/local/intelFPGA_lite/17.1/nios2eds/bin/gnu/H-x86_64-pc-linux-gnu/bin/../lib/gcc/nios2-elf/5.3.0/mno-hw-mul/libgcc.a(lib2-mul.o)
 .data          0x000000000003049c        0x0 /usr/local/intelFPGA_lite/17.1/nios2eds/bin/gnu/H-x86_64-pc-linux-gnu/bin/../lib/gcc/nios2-elf/5.3.0/mno-hw-mul/libgcc.a(adddf3.o)
 .data          0x000000000003049c        0x0 /usr/local/intelFPGA_lite/17.1/nios2eds/bin/gnu/H-x86_64-pc-linux-gnu/bin/../lib/gcc/nios2-elf/5.3.0/mno-hw-mul/libgcc.a(divdf3.o)
 .data          0x000000000003049c        0x0 /usr/local/intelFPGA_lite/17.1/nios2eds/bin/gnu/H-x86_64-pc-linux-gnu/bin/../lib/gcc/nios2-elf/5.3.0/mno-hw-mul/libgcc.a(eqdf2.o)
 .data          0x000000000003049c        0x0 /usr/local/intelFPGA_lite/17.1/nios2eds/bin/gnu/H-x86_64-pc-linux-gnu/bin/../lib/gcc/nios2-elf/5.3.0/mno-hw-mul/libgcc.a(gedf2.o)
 .data          0x000000000003049c        0x0 /usr/local/intelFPGA_lite/17.1/nios2eds/bin/gnu/H-x86_64-pc-linux-gnu/bin/../lib/gcc/nios2-elf/5.3.0/mno-hw-mul/libgcc.a(ledf2.o)
 .data          0x000000000003049c        0x0 /usr/local/intelFPGA_lite/17.1/nios2eds/bin/gnu/H-x86_64-pc-linux-gnu/bin/../lib/gcc/nios2-elf/5.3.0/mno-hw-mul/libgcc.a(muldf3.o)
 .data          0x000000000003049c        0x0 /usr/local/intelFPGA_lite/17.1/nios2eds/bin/gnu/H-x86_64-pc-linux-gnu/bin/../lib/gcc/nios2-elf/5.3.0/mno-hw-mul/libgcc.a(subdf3.o)
 .data          0x000000000003049c        0x0 /usr/local/intelFPGA_lite/17.1/nios2eds/bin/gnu/H-x86_64-pc-linux-gnu/bin/../lib/gcc/nios2-elf/5.3.0/mno-hw-mul/libgcc.a(fixdfsi.o)
 .data          0x000000000003049c        0x0 /usr/local/intelFPGA_lite/17.1/nios2eds/bin/gnu/H-x86_64-pc-linux-gnu/bin/../lib/gcc/nios2-elf/5.3.0/mno-hw-mul/libgcc.a(floatsidf.o)
 .data          0x000000000003049c        0x0 /usr/local/intelFPGA_lite/17.1/nios2eds/bin/gnu/H-x86_64-pc-linux-gnu/bin/../lib/gcc/nios2-elf/5.3.0/mno-hw-mul/libgcc.a(floatunsidf.o)
 .data          0x000000000003049c        0x0 /usr/local/intelFPGA_lite/17.1/nios2eds/bin/gnu/H-x86_64-pc-linux-gnu/bin/../lib/gcc/nios2-elf/5.3.0/mno-hw-mul/libgcc.a(_clz.o)
 .data          0x000000000003049c        0x0 /usr/local/intelFPGA_lite/17.1/nios2eds/bin/gnu/H-x86_64-pc-linux-gnu/bin/../lib/gcc/nios2-elf/5.3.0/mno-hw-mul/libgcc.a(_clzsi2.o)
 .data          0x000000000003049c        0x0 ../soft_bsp//libhal_bsp.a(alt_close.o)
 .data          0x000000000003049c      0x1a8 ../soft_bsp//libhal_bsp.a(alt_dev.o)
                0x000000000003049c                alt_dev_null
                0x00000000000304c4                alt_fd_list
 .data          0x0000000000030644        0x0 ../soft_bsp//libhal_bsp.a(alt_errno.o)
 .data          0x0000000000030644        0x0 ../soft_bsp//libhal_bsp.a(alt_fstat.o)
 .data          0x0000000000030644        0x0 ../soft_bsp//libhal_bsp.a(alt_isatty.o)
 .data          0x0000000000030644        0x0 ../soft_bsp//libhal_bsp.a(alt_load.o)
 .data          0x0000000000030644        0x0 ../soft_bsp//libhal_bsp.a(alt_lseek.o)
 .data          0x0000000000030644        0x0 ../soft_bsp//libhal_bsp.a(alt_main.o)
 .data          0x0000000000030644        0x0 ../soft_bsp//libhal_bsp.a(alt_malloc_lock.o)
 .data          0x0000000000030644        0x0 ../soft_bsp//libhal_bsp.a(alt_read.o)
 .data          0x0000000000030644        0x0 ../soft_bsp//libhal_bsp.a(alt_release_fd.o)
 .data          0x0000000000030644        0x0 ../soft_bsp//libhal_bsp.a(alt_sbrk.o)
 .data          0x0000000000030644        0x0 ../soft_bsp//libhal_bsp.a(alt_write.o)
 .data          0x0000000000030644     0x1060 ../soft_bsp//libhal_bsp.a(alt_sys_init.o)
 .data          0x00000000000316a4        0x0 ../soft_bsp//libhal_bsp.a(altera_avalon_jtag_uart_fd.o)
 .data          0x00000000000316a4        0x0 ../soft_bsp//libhal_bsp.a(altera_avalon_jtag_uart_init.o)
 .data          0x00000000000316a4        0x0 ../soft_bsp//libhal_bsp.a(altera_avalon_jtag_uart_ioctl.o)
 .data          0x00000000000316a4        0x0 ../soft_bsp//libhal_bsp.a(altera_avalon_jtag_uart_read.o)
 .data          0x00000000000316a4        0x0 ../soft_bsp//libhal_bsp.a(altera_avalon_jtag_uart_write.o)
 .data          0x00000000000316a4        0x0 ../soft_bsp//libhal_bsp.a(alt_alarm_start.o)
 .data          0x00000000000316a4        0x0 ../soft_bsp//libhal_bsp.a(alt_dcache_flush_all.o)
 .data          0x00000000000316a4        0x0 ../soft_bsp//libhal_bsp.a(alt_dev_llist_insert.o)
 .data          0x00000000000316a4        0x0 ../soft_bsp//libhal_bsp.a(alt_do_ctors.o)
 .data          0x00000000000316a4        0x0 ../soft_bsp//libhal_bsp.a(alt_do_dtors.o)
 .data          0x00000000000316a4        0x0 ../soft_bsp//libhal_bsp.a(alt_icache_flush_all.o)
 .data          0x00000000000316a4        0x0 ../soft_bsp//libhal_bsp.a(alt_iic.o)
 .data          0x00000000000316a4        0x0 ../soft_bsp//libhal_bsp.a(alt_iic_isr_register.o)
 .data          0x00000000000316a4        0x0 ../soft_bsp//libhal_bsp.a(alt_io_redirect.o)
 .data          0x00000000000316a4        0x0 ../soft_bsp//libhal_bsp.a(alt_irq_entry.o)
 .data          0x00000000000316a4        0x0 ../soft_bsp//libhal_bsp.a(alt_irq_handler.o)
 .data          0x00000000000316a4        0x0 ../soft_bsp//libhal_bsp.a(alt_irq_vars.o)
 .data          0x00000000000316a4        0x0 ../soft_bsp//libhal_bsp.a(alt_open.o)
 .data          0x00000000000316a4        0x0 ../soft_bsp//libhal_bsp.a(alt_tick.o)
 .data          0x00000000000316a4        0x0 ../soft_bsp//libhal_bsp.a(altera_nios2_gen2_irq.o)
 .data          0x00000000000316a4        0x0 ../soft_bsp//libhal_bsp.a(alt_exception_entry.o)
 .data          0x00000000000316a4        0x0 ../soft_bsp//libhal_bsp.a(alt_find_dev.o)
 .data          0x00000000000316a4        0x0 ../soft_bsp//libhal_bsp.a(alt_find_file.o)
 .data          0x00000000000316a4        0x0 ../soft_bsp//libhal_bsp.a(alt_get_fd.o)
 .data          0x00000000000316a4        0x0 ../soft_bsp//libhal_bsp.a(alt_instruction_exception_entry.o)
 .data          0x00000000000316a4        0x0 /usr/local/intelFPGA_lite/17.1/nios2eds/bin/gnu/H-x86_64-pc-linux-gnu/bin/../lib/gcc/nios2-elf/5.3.0/../../../../../H-x86_64-pc-linux-gnu/nios2-elf/lib/mno-hw-mul/libc.a(lib_a-atexit.o)
 .data          0x00000000000316a4        0x0 /usr/local/intelFPGA_lite/17.1/nios2eds/bin/gnu/H-x86_64-pc-linux-gnu/bin/../lib/gcc/nios2-elf/5.3.0/../../../../../H-x86_64-pc-linux-gnu/nios2-elf/lib/mno-hw-mul/libc.a(lib_a-exit.o)
 .data          0x00000000000316a4        0x0 /usr/local/intelFPGA_lite/17.1/nios2eds/bin/gnu/H-x86_64-pc-linux-gnu/bin/../lib/gcc/nios2-elf/5.3.0/../../../../../H-x86_64-pc-linux-gnu/nios2-elf/lib/mno-hw-mul/libc.a(lib_a-memcmp.o)
 .data          0x00000000000316a4        0x0 /usr/local/intelFPGA_lite/17.1/nios2eds/bin/gnu/H-x86_64-pc-linux-gnu/bin/../lib/gcc/nios2-elf/5.3.0/../../../../../H-x86_64-pc-linux-gnu/nios2-elf/lib/mno-hw-mul/libc.a(lib_a-__atexit.o)
 .data          0x00000000000316a4        0x0 /usr/local/intelFPGA_lite/17.1/nios2eds/bin/gnu/H-x86_64-pc-linux-gnu/bin/../lib/gcc/nios2-elf/5.3.0/../../../../../H-x86_64-pc-linux-gnu/nios2-elf/lib/mno-hw-mul/libc.a(lib_a-__call_atexit.o)
 .data          0x00000000000316a4        0x0 ../soft_bsp//libhal_bsp.a(alt_exit.o)
                0x00000000000396a4                _gp = ABSOLUTE ((. + 0x8000))
                [!provide]                        PROVIDE (gp, _gp)
 *(.rwdata .rwdata.*)
 *(.sdata .sdata.* .gnu.linkonce.s.*)
 .sdata._global_impure_ptr
                0x00000000000316a4        0x4 /usr/local/intelFPGA_lite/17.1/nios2eds/bin/gnu/H-x86_64-pc-linux-gnu/bin/../lib/gcc/nios2-elf/5.3.0/../../../../../H-x86_64-pc-linux-gnu/nios2-elf/lib/mno-hw-mul/libc.a(lib_a-impure.o)
                0x00000000000316a4                _global_impure_ptr
 .sdata._impure_ptr
                0x00000000000316a8        0x4 /usr/local/intelFPGA_lite/17.1/nios2eds/bin/gnu/H-x86_64-pc-linux-gnu/bin/../lib/gcc/nios2-elf/5.3.0/../../../../../H-x86_64-pc-linux-gnu/nios2-elf/lib/mno-hw-mul/libc.a(lib_a-impure.o)
                0x00000000000316a8                _impure_ptr
 .sdata.__mb_cur_max
                0x00000000000316ac        0x4 /usr/local/intelFPGA_lite/17.1/nios2eds/bin/gnu/H-x86_64-pc-linux-gnu/bin/../lib/gcc/nios2-elf/5.3.0/../../../../../H-x86_64-pc-linux-gnu/nios2-elf/lib/mno-hw-mul/libc.a(lib_a-locale.o)
                0x00000000000316ac                __mb_cur_max
 .sdata.__malloc_sbrk_base
                0x00000000000316b0        0x4 /usr/local/intelFPGA_lite/17.1/nios2eds/bin/gnu/H-x86_64-pc-linux-gnu/bin/../lib/gcc/nios2-elf/5.3.0/../../../../../H-x86_64-pc-linux-gnu/nios2-elf/lib/mno-hw-mul/libc.a(lib_a-mallocr.o)
                0x00000000000316b0                __malloc_sbrk_base
 .sdata.__malloc_trim_threshold
                0x00000000000316b4        0x4 /usr/local/intelFPGA_lite/17.1/nios2eds/bin/gnu/H-x86_64-pc-linux-gnu/bin/../lib/gcc/nios2-elf/5.3.0/../../../../../H-x86_64-pc-linux-gnu/nios2-elf/lib/mno-hw-mul/libc.a(lib_a-mallocr.o)
                0x00000000000316b4                __malloc_trim_threshold
 .sdata.__wctomb
                0x00000000000316b8        0x4 /usr/local/intelFPGA_lite/17.1/nios2eds/bin/gnu/H-x86_64-pc-linux-gnu/bin/../lib/gcc/nios2-elf/5.3.0/../../../../../H-x86_64-pc-linux-gnu/nios2-elf/lib/mno-hw-mul/libc.a(lib_a-wctomb_r.o)
                0x00000000000316b8                __wctomb
 .sdata         0x00000000000316bc       0x14 ../soft_bsp//libhal_bsp.a(alt_dev.o)
                0x00000000000316bc                alt_fs_list
                0x00000000000316c4                alt_dev_list
                0x00000000000316cc                alt_max_fd
 .sdata         0x00000000000316d0        0x4 ../soft_bsp//libhal_bsp.a(alt_errno.o)
                0x00000000000316d0                alt_errno
 .sdata         0x00000000000316d4        0x4 ../soft_bsp//libhal_bsp.a(alt_sbrk.o)
 .sdata         0x00000000000316d8        0x4 ../soft_bsp//libhal_bsp.a(alt_irq_vars.o)
                0x00000000000316d8                alt_priority_mask
 .sdata         0x00000000000316dc        0x8 ../soft_bsp//libhal_bsp.a(alt_tick.o)
                0x00000000000316dc                alt_alarm_list
 *(.sdata2 .sdata2.* .gnu.linkonce.s2.*)
                0x00000000000316e4                . = ALIGN (0x4)
                0x00000000000316e4                _edata = ABSOLUTE (.)
                [!provide]                        PROVIDE (edata, ABSOLUTE (.))
                0x00000000000316e4                PROVIDE (__ram_rwdata_end, ABSOLUTE (.))
                0x00000000000316e4                PROVIDE (__flash_rwdata_start, LOADADDR (.rwdata))

.bss            0x00000000000331d0      0x164
                0x00000000000331d0                __bss_start = ABSOLUTE (.)
                [!provide]                        PROVIDE (__sbss_start, ABSOLUTE (.))
                [!provide]                        PROVIDE (___sbss_start, ABSOLUTE (.))
 *(.dynsbss)
 *(.sbss .sbss.* .gnu.linkonce.sb.*)
 .sbss          0x00000000000331d0        0x4 obj/default/hello_world.o
                0x00000000000331d0                status_spi
 .sbss._PathLocale
                0x00000000000331d4        0x4 /usr/local/intelFPGA_lite/17.1/nios2eds/bin/gnu/H-x86_64-pc-linux-gnu/bin/../lib/gcc/nios2-elf/5.3.0/../../../../../H-x86_64-pc-linux-gnu/nios2-elf/lib/mno-hw-mul/libc.a(lib_a-locale.o)
                0x00000000000331d4                _PathLocale
 .sbss.__mlocale_changed
                0x00000000000331d8        0x4 /usr/local/intelFPGA_lite/17.1/nios2eds/bin/gnu/H-x86_64-pc-linux-gnu/bin/../lib/gcc/nios2-elf/5.3.0/../../../../../H-x86_64-pc-linux-gnu/nios2-elf/lib/mno-hw-mul/libc.a(lib_a-locale.o)
                0x00000000000331d8                __mlocale_changed
 .sbss.__nlocale_changed
                0x00000000000331dc        0x4 /usr/local/intelFPGA_lite/17.1/nios2eds/bin/gnu/H-x86_64-pc-linux-gnu/bin/../lib/gcc/nios2-elf/5.3.0/../../../../../H-x86_64-pc-linux-gnu/nios2-elf/lib/mno-hw-mul/libc.a(lib_a-locale.o)
                0x00000000000331dc                __nlocale_changed
 .sbss.__malloc_max_total_mem
                0x00000000000331e0        0x4 /usr/local/intelFPGA_lite/17.1/nios2eds/bin/gnu/H-x86_64-pc-linux-gnu/bin/../lib/gcc/nios2-elf/5.3.0/../../../../../H-x86_64-pc-linux-gnu/nios2-elf/lib/mno-hw-mul/libc.a(lib_a-mallocr.o)
                0x00000000000331e0                __malloc_max_total_mem
 .sbss.__malloc_max_sbrked_mem
                0x00000000000331e4        0x4 /usr/local/intelFPGA_lite/17.1/nios2eds/bin/gnu/H-x86_64-pc-linux-gnu/bin/../lib/gcc/nios2-elf/5.3.0/../../../../../H-x86_64-pc-linux-gnu/nios2-elf/lib/mno-hw-mul/libc.a(lib_a-mallocr.o)
                0x00000000000331e4                __malloc_max_sbrked_mem
 .sbss.__malloc_top_pad
                0x00000000000331e8        0x4 /usr/local/intelFPGA_lite/17.1/nios2eds/bin/gnu/H-x86_64-pc-linux-gnu/bin/../lib/gcc/nios2-elf/5.3.0/../../../../../H-x86_64-pc-linux-gnu/nios2-elf/lib/mno-hw-mul/libc.a(lib_a-mallocr.o)
                0x00000000000331e8                __malloc_top_pad
 .sbss          0x00000000000331ec        0x4 /usr/local/intelFPGA_lite/17.1/nios2eds/bin/gnu/H-x86_64-pc-linux-gnu/bin/../lib/gcc/nios2-elf/5.3.0/../../../../../H-x86_64-pc-linux-gnu/nios2-elf/lib/mno-hw-mul/libc.a(lib_a-int_errno.o)
                0x00000000000331ec                errno
 .sbss          0x00000000000331f0        0xc ../soft_bsp//libhal_bsp.a(alt_main.o)
                0x00000000000331f0                alt_argc
                0x00000000000331f4                alt_argv
                0x00000000000331f8                alt_envp
 .sbss          0x00000000000331fc        0x4 ../soft_bsp//libhal_bsp.a(alt_irq_vars.o)
                0x00000000000331fc                alt_irq_active
 .sbss          0x0000000000033200        0x8 ../soft_bsp//libhal_bsp.a(alt_tick.o)
                0x0000000000033200                _alt_tick_rate
                0x0000000000033204                _alt_nticks
 .sbss          0x0000000000033208        0x4 ../soft_bsp//libhal_bsp.a(alt_instruction_exception_entry.o)
                0x0000000000033208                alt_instruction_exception_handler
 *(.sbss2 .sbss2.* .gnu.linkonce.sb2.*)
 *(.scommon)
                [!provide]                        PROVIDE (__sbss_end, ABSOLUTE (.))
                [!provide]                        PROVIDE (___sbss_end, ABSOLUTE (.))
 *(.dynbss)
 *(.bss .bss.* .gnu.linkonce.b.*)
 .bss           0x000000000003320c        0x0 ../soft_bsp//obj/HAL/src/crt0.o
 .bss           0x000000000003320c        0x0 obj/default/hello_world.o
 .bss           0x000000000003320c        0x0 /usr/local/intelFPGA_lite/17.1/nios2eds/bin/gnu/H-x86_64-pc-linux-gnu/bin/../lib/gcc/nios2-elf/5.3.0/../../../../../H-x86_64-pc-linux-gnu/nios2-elf/lib/mno-hw-mul/libc.a(lib_a-printf.o)
 .bss           0x000000000003320c        0x0 /usr/local/intelFPGA_lite/17.1/nios2eds/bin/gnu/H-x86_64-pc-linux-gnu/bin/../lib/gcc/nios2-elf/5.3.0/../../../../../H-x86_64-pc-linux-gnu/nios2-elf/lib/mno-hw-mul/libc.a(lib_a-puts.o)
 .bss           0x000000000003320c        0x0 /usr/local/intelFPGA_lite/17.1/nios2eds/bin/gnu/H-x86_64-pc-linux-gnu/bin/../lib/gcc/nios2-elf/5.3.0/../../../../../H-x86_64-pc-linux-gnu/nios2-elf/lib/mno-hw-mul/libc.a(lib_a-strlen.o)
 .bss           0x000000000003320c        0x0 /usr/local/intelFPGA_lite/17.1/nios2eds/bin/gnu/H-x86_64-pc-linux-gnu/bin/../lib/gcc/nios2-elf/5.3.0/../../../../../H-x86_64-pc-linux-gnu/nios2-elf/lib/mno-hw-mul/libc.a(lib_a-vfprintf.o)
 .bss           0x000000000003320c        0x0 /usr/local/intelFPGA_lite/17.1/nios2eds/bin/gnu/H-x86_64-pc-linux-gnu/bin/../lib/gcc/nios2-elf/5.3.0/../../../../../H-x86_64-pc-linux-gnu/nios2-elf/lib/mno-hw-mul/libc.a(lib_a-wsetup.o)
 .bss           0x000000000003320c        0x0 /usr/local/intelFPGA_lite/17.1/nios2eds/bin/gnu/H-x86_64-pc-linux-gnu/bin/../lib/gcc/nios2-elf/5.3.0/../../../../../H-x86_64-pc-linux-gnu/nios2-elf/lib/mno-hw-mul/libc.a(lib_a-dtoa.o)
 .bss           0x000000000003320c        0x0 /usr/local/intelFPGA_lite/17.1/nios2eds/bin/gnu/H-x86_64-pc-linux-gnu/bin/../lib/gcc/nios2-elf/5.3.0/../../../../../H-x86_64-pc-linux-gnu/nios2-elf/lib/mno-hw-mul/libc.a(lib_a-fflush.o)
 .bss           0x000000000003320c        0x0 /usr/local/intelFPGA_lite/17.1/nios2eds/bin/gnu/H-x86_64-pc-linux-gnu/bin/../lib/gcc/nios2-elf/5.3.0/../../../../../H-x86_64-pc-linux-gnu/nios2-elf/lib/mno-hw-mul/libc.a(lib_a-findfp.o)
 .bss           0x000000000003320c        0x0 /usr/local/intelFPGA_lite/17.1/nios2eds/bin/gnu/H-x86_64-pc-linux-gnu/bin/../lib/gcc/nios2-elf/5.3.0/../../../../../H-x86_64-pc-linux-gnu/nios2-elf/lib/mno-hw-mul/libc.a(lib_a-freer.o)
 .bss           0x000000000003320c        0x0 /usr/local/intelFPGA_lite/17.1/nios2eds/bin/gnu/H-x86_64-pc-linux-gnu/bin/../lib/gcc/nios2-elf/5.3.0/../../../../../H-x86_64-pc-linux-gnu/nios2-elf/lib/mno-hw-mul/libc.a(lib_a-fvwrite.o)
 .bss           0x000000000003320c        0x0 /usr/local/intelFPGA_lite/17.1/nios2eds/bin/gnu/H-x86_64-pc-linux-gnu/bin/../lib/gcc/nios2-elf/5.3.0/../../../../../H-x86_64-pc-linux-gnu/nios2-elf/lib/mno-hw-mul/libc.a(lib_a-fwalk.o)
 .bss           0x000000000003320c        0x0 /usr/local/intelFPGA_lite/17.1/nios2eds/bin/gnu/H-x86_64-pc-linux-gnu/bin/../lib/gcc/nios2-elf/5.3.0/../../../../../H-x86_64-pc-linux-gnu/nios2-elf/lib/mno-hw-mul/libc.a(lib_a-impure.o)
 .bss           0x000000000003320c        0x0 /usr/local/intelFPGA_lite/17.1/nios2eds/bin/gnu/H-x86_64-pc-linux-gnu/bin/../lib/gcc/nios2-elf/5.3.0/../../../../../H-x86_64-pc-linux-gnu/nios2-elf/lib/mno-hw-mul/libc.a(lib_a-locale.o)
 .bss           0x000000000003320c        0x0 /usr/local/intelFPGA_lite/17.1/nios2eds/bin/gnu/H-x86_64-pc-linux-gnu/bin/../lib/gcc/nios2-elf/5.3.0/../../../../../H-x86_64-pc-linux-gnu/nios2-elf/lib/mno-hw-mul/libc.a(lib_a-makebuf.o)
 .bss           0x000000000003320c        0x0 /usr/local/intelFPGA_lite/17.1/nios2eds/bin/gnu/H-x86_64-pc-linux-gnu/bin/../lib/gcc/nios2-elf/5.3.0/../../../../../H-x86_64-pc-linux-gnu/nios2-elf/lib/mno-hw-mul/libc.a(lib_a-mallocr.o)
 .bss.__malloc_current_mallinfo
                0x000000000003320c       0x28 /usr/local/intelFPGA_lite/17.1/nios2eds/bin/gnu/H-x86_64-pc-linux-gnu/bin/../lib/gcc/nios2-elf/5.3.0/../../../../../H-x86_64-pc-linux-gnu/nios2-elf/lib/mno-hw-mul/libc.a(lib_a-mallocr.o)
                0x000000000003320c                __malloc_current_mallinfo